Archive member included because of file (symbol)

C:\Program Files (x86)\VEX Robotics\VEXcode Pro V5\sdk/vexv5\libv5rt.a(v5_startup.c.obj)
                              (vexStartup)
C:\Program Files (x86)\VEX Robotics\VEXcode Pro V5\sdk/vexv5\libv5rt.a(v5_util.c.obj)
                              C:\Program Files (x86)\VEX Robotics\VEXcode Pro V5\sdk/vexv5\libv5rt.a(v5_startup.c.obj) (vexStdlibVersionLinked)
C:\Program Files (x86)\VEX Robotics\VEXcode Pro V5\sdk/vexv5\libv5rt.a(v5_apijump.c.obj)
                              C:\Program Files (x86)\VEX Robotics\VEXcode Pro V5\sdk/vexv5\libv5rt.a(v5_startup.c.obj) (vexPrivateApiEnable)
C:\Program Files (x86)\VEX Robotics\VEXcode Pro V5\sdk/vexv5\libv5rt.a(v5_apiversions.c.obj)
                              C:\Program Files (x86)\VEX Robotics\VEXcode Pro V5\sdk/vexv5\libv5rt.a(v5_apijump.c.obj) (vexSystemVersion)
C:\Program Files (x86)\VEX Robotics\VEXcode Pro V5\sdk/vexv5\libv5rt.a(vex_global.cpp.obj)
                              build/src/main.o (vex::wait(double, vex::timeUnits))
C:\Program Files (x86)\VEX Robotics\VEXcode Pro V5\sdk/vexv5\libv5rt.a(vex_motor.cpp.obj)
                              build/src/main.o (vex::motor::~motor())
C:\Program Files (x86)\VEX Robotics\VEXcode Pro V5\sdk/vexv5\libv5rt.a(vex_imu.cpp.obj)
                              build/src/robot-config.o (vex::inertial::~inertial())
C:\Program Files (x86)\VEX Robotics\VEXcode Pro V5\sdk/vexv5\libv5rt.a(vex_rotation.cpp.obj)
                              build/src/robot-config.o (vex::rotation::~rotation())
C:\Program Files (x86)\VEX Robotics\VEXcode Pro V5\sdk/vexv5\libv5rt.a(vex_controller.cpp.obj)
                              build/src/robot-config.o (vex::controller::~controller())
C:\Program Files (x86)\VEX Robotics\VEXcode Pro V5\sdk/vexv5\libv5rt.a(vex_task.cpp.obj)
                              build/src/main.o (vex::task::task(int (*)()))
C:\Program Files (x86)\VEX Robotics\VEXcode Pro V5\sdk/vexv5\libv5rt.a(vex_thread.cpp.obj)
                              C:\Program Files (x86)\VEX Robotics\VEXcode Pro V5\sdk/vexv5\libv5rt.a(vex_global.cpp.obj) (vex::this_thread::sleep_for(unsigned long))
C:\Program Files (x86)\VEX Robotics\VEXcode Pro V5\sdk/vexv5\libv5rt.a(vex_event.cpp.obj)
                              C:\Program Files (x86)\VEX Robotics\VEXcode Pro V5\sdk/vexv5\libv5rt.a(vex_imu.cpp.obj) (vex::event::init(unsigned long, unsigned long, void (*)()))
C:\Program Files (x86)\VEX Robotics\VEXcode Pro V5\sdk/vexv5\libv5rt.a(vex_mevent.cpp.obj)
                              C:\Program Files (x86)\VEX Robotics\VEXcode Pro V5\sdk/vexv5\libv5rt.a(vex_controller.cpp.obj) (vex::mevent::mevent(unsigned long, unsigned long))
C:\Program Files (x86)\VEX Robotics\VEXcode Pro V5\sdk/vexv5\libv5rt.a(vex_brain.cpp.obj)
                              build/src/main.o (vex::brain::lcd::setCursor(long, long))
C:\Program Files (x86)\VEX Robotics\VEXcode Pro V5\sdk/vexv5\libv5rt.a(vex_competition.cpp.obj)
                              build/src/main.o (vex::competition::competition())
C:\Program Files (x86)\VEX Robotics\VEXcode Pro V5\sdk/vexv5\libv5rt.a(vex_triport.cpp.obj)
                              C:\Program Files (x86)\VEX Robotics\VEXcode Pro V5\sdk/vexv5\libv5rt.a(vex_brain.cpp.obj) (vex::triport::~triport())
C:\Program Files (x86)\VEX Robotics\VEXcode Pro V5\sdk/vexv5\libv5rt.a(vex_color.cpp.obj)
                              C:\Program Files (x86)\VEX Robotics\VEXcode Pro V5\sdk/vexv5\libv5rt.a(vex_brain.cpp.obj) (vex::color::operator unsigned long() const)
C:\Program Files (x86)\VEX Robotics\VEXcode Pro V5\sdk/vexv5\libv5rt.a(vex_timer.cpp.obj)
                              C:\Program Files (x86)\VEX Robotics\VEXcode Pro V5\sdk/vexv5\libv5rt.a(vex_brain.cpp.obj) (vex::timer::~timer())
C:\Program Files (x86)\VEX Robotics\VEXcode Pro V5\sdk/vexv5\libv5rt.a(v5_apiuser.c.obj)
                              C:\Program Files (x86)\VEX Robotics\VEXcode Pro V5\sdk/vexv5\libv5rt.a(vex_triport.cpp.obj) (vexAdiPortConfigSet)
C:\Program Files (x86)\VEX Robotics\VEXcode Pro V5\sdk/vexv5\libv5rt.a(vex_device.cpp.obj)
                              C:\Program Files (x86)\VEX Robotics\VEXcode Pro V5\sdk/vexv5\libv5rt.a(vex_motor.cpp.obj) (vex::device::~device())
C:\Program Files (x86)\VEX Robotics\VEXcode Pro V5\sdk/vexv5/gcc/libs\libstdc++.a(sstream-inst.o)
                              build/src/main.o (VTT for std::basic_stringstream<char, std::char_traits<char>, std::allocator<char> >)
C:\Program Files (x86)\VEX Robotics\VEXcode Pro V5\sdk/vexv5/gcc/libs\libstdc++.a(streambuf-inst.o)
                              C:\Program Files (x86)\VEX Robotics\VEXcode Pro V5\sdk/vexv5/gcc/libs\libstdc++.a(sstream-inst.o) (vtable for std::basic_streambuf<char, std::char_traits<char> >)
C:\Program Files (x86)\VEX Robotics\VEXcode Pro V5\sdk/vexv5/gcc/libs\libstdc++.a(class_type_info.o)
[...]
Memory Configuration

Name             Origin             Length             Attributes
ps7_ddr_0_S_AXI_BASEADDR 0x03800000         0x04800000
*default*        0x00000000         0xffffffff

Linker script and memory map

                0x00002000                _STACK_SIZE = DEFINED (_STACK_SIZE)?_STACK_SIZE:0x2000
                0x00100000                _HEAP_SIZE = DEFINED (_HEAP_SIZE)?_HEAP_SIZE:0x100000
                0x00000400                _ABORT_STACK_SIZE = DEFINED (_ABORT_STACK_SIZE)?_ABORT_STACK_SIZE:0x400
                0x00000800                _SUPERVISOR_STACK_SIZE = DEFINED (_SUPERVISOR_STACK_SIZE)?_SUPERVISOR_STACK_SIZE:0x800
                0x00000400                _IRQ_STACK_SIZE = DEFINED (_IRQ_STACK_SIZE)?_IRQ_STACK_SIZE:0x400
                0x00000400                _FIQ_STACK_SIZE = DEFINED (_FIQ_STACK_SIZE)?_FIQ_STACK_SIZE:0x400
                0x00000400                _UNDEF_STACK_SIZE = DEFINED (_UNDEF_STACK_SIZE)?_UNDEF_STACK_SIZE:0x400

.text           0x03800000     0x5560
 *(.vectors)
 *(.boot_data)
 .boot_data     0x03800000       0x20 C:\Program Files (x86)\VEX Robotics\VEXcode Pro V5\sdk/vexv5\libv5rt.a(v5_startup.c.obj)
                0x03800000                vexCodeSig
                0x00000020                . = 0x20
 *(.boot)
 .boot          0x03800020       0xbc C:\Program Files (x86)\VEX Robotics\VEXcode Pro V5\sdk/vexv5\libv5rt.a(v5_startup.c.obj)
                0x03800020                vexStartup
                0x03800100                . = ALIGN (0x40)
 *fill*         0x038000dc       0x24 
 *(.freertos_vectors)
 *(.text)
 *(.text.*)
 .text._Z17CalibrateInertialv
                0x03800100       0x78 build/src/main.o
                0x03800100                CalibrateInertial()
 .text._Z9MotorTempN3vex5motorESs
                0x03800178      0x3d0 build/src/main.o
                0x03800178                MotorTemp(vex::motor, std::string)
 .text._Z8ToStringIdESsT_
                0x03800548       0x64 build/src/main.o
                0x03800548                std::string ToString<double>(double)
 *fill*         0x038005ac        0x4 
 .text._Z11MonitorTempv
                0x038005b0      0x2b8 build/src/main.o
                0x038005b0                MonitorTemp()
 .text._Z7chassisii
                0x03800868       0xf0 build/src/main.o
                0x03800868                chassis(int, int)
 .text._Z4haltv
                0x03800958       0x78 build/src/main.o
                0x03800958                halt()
 .text._Z9pre_autonv
                0x038009d0       0x1c build/src/main.o
                0x038009d0                pre_auton()
 .text._Z19correct_orientationiSs
                0x038009ec      0x5f0 build/src/main.o
                0x038009ec                correct_orientation(int, std::string)
 *fill*         0x03800fdc        0x4 
 .text._Z10autonomousv
                0x03800fe0      0x570 build/src/main.o
                0x03800fe0                autonomous()
 .text._Z8catafirev
                0x03801550      0x110 build/src/main.o
                0x03801550                catafire()
 .text._Z11usercontrolv
                0x03801660      0x9f8 build/src/main.o
                0x03801660                usercontrol()
 .text._Z8ToStringIiESsT_
                0x03802058       0x5c build/src/main.o
                0x03802058                std::string ToString<int>(int)
 .text.main     0x038020b4       0x34 build/src/main.o
                0x038020b4                main
 .text._GLOBAL__sub_I_main.cpp
                0x038020e8      0x164 build/src/main.o
 .text._Z11vexcodeInitv
                0x0380224c        0x4 build/src/robot-config.o
                0x0380224c                vexcodeInit()
 .text._GLOBAL__sub_I_robot_config.cpp
                0x03802250      0x2bc build/src/robot-config.o
 .text.vexMain  0x0380250c       0xb0 C:\Program Files (x86)\VEX Robotics\VEXcode Pro V5\sdk/vexv5\libv5rt.a(v5_startup.c.obj)
                0x0380250c                vexMain
 .text.__vex_function_prolog
                0x038025bc       0x18 C:\Program Files (x86)\VEX Robotics\VEXcode Pro V5\sdk/vexv5\libv5rt.a(v5_startup.c.obj)
                0x038025bc                __vex_function_prolog
 .text._init    0x038025d4        0x4 C:\Program Files (x86)\VEX Robotics\VEXcode Pro V5\sdk/vexv5\libv5rt.a(v5_startup.c.obj)
                0x038025d4                _init
 .text._fini    0x038025d8        0x4 C:\Program Files (x86)\VEX Robotics\VEXcode Pro V5\sdk/vexv5\libv5rt.a(v5_startup.c.obj)
                0x038025d8                _fini
 .text.vexStdlibVersionLinked
                0x038025dc        0xc C:\Program Files (x86)\VEX Robotics\VEXcode Pro V5\sdk/vexv5\libv5rt.a(v5_util.c.obj)
                0x038025dc                vexStdlibVersionLinked
 .text.vexStdlibVersionVerify
                0x038025e8       0x30 C:\Program Files (x86)\VEX Robotics\VEXcode Pro V5\sdk/vexv5\libv5rt.a(v5_util.c.obj)
                0x038025e8                vexStdlibVersionVerify
 .text.vexPrivateApiEnable
                0x03802618       0x10 C:\Program Files (x86)\VEX Robotics\VEXcode Pro V5\sdk/vexv5\libv5rt.a(v5_apijump.c.obj)
                0x03802618                vexPrivateApiEnable
 .text.vexStdlibMismatchError
                0x03802628       0x3c C:\Program Files (x86)\VEX Robotics\VEXcode Pro V5\sdk/vexv5\libv5rt.a(v5_apijump.c.obj)
                0x03802628                vexStdlibMismatchError
 .text.vexTaskAdd
                0x03802664       0x10 C:\Program Files (x86)\VEX Robotics\VEXcode Pro V5\sdk/vexv5\libv5rt.a(v5_apijump.c.obj)
                0x03802664                vexTaskAdd
 .text.vexTasksRun
                0x03802674       0x10 C:\Program Files (x86)\VEX Robotics\VEXcode Pro V5\sdk/vexv5\libv5rt.a(v5_apijump.c.obj)
                0x03802674                vexTasksRun
 .text.vexTaskYield
                0x03802684       0x10 C:\Program Files (x86)\VEX Robotics\VEXcode Pro V5\sdk/vexv5\libv5rt.a(v5_apijump.c.obj)
                0x03802684                vexTaskYield
 .text.vexTaskCheckTimeslice
                0x03802694       0x10 C:\Program Files (x86)\VEX Robotics\VEXcode Pro V5\sdk/vexv5\libv5rt.a(v5_apijump.c.obj)
                0x03802694                vexTaskCheckTimeslice
 .text.vexTaskSleep
                0x038026a4       0x10 C:\Program Files (x86)\VEX Robotics\VEXcode Pro V5\sdk/vexv5\libv5rt.a(v5_apijump.c.obj)
                0x038026a4                vexTaskSleep
 .text.vexTasksDump
                0x038026b4       0x1c C:\Program Files (x86)\VEX Robotics\VEXcode Pro V5\sdk/vexv5\libv5rt.a(v5_apijump.c.obj)
                0x038026b4                vexTasksDump
 .text.vexTaskGetTaskIndex
                0x038026d0       0x10 C:\Program Files (x86)\VEX Robotics\VEXcode Pro V5\sdk/vexv5\libv5rt.a(v5_apijump.c.obj)
                0x038026d0                vexTaskGetTaskIndex
 .text.vexTaskStopAll
                0x038026e0       0x10 C:\Program Files (x86)\VEX Robotics\VEXcode Pro V5\sdk/vexv5\libv5rt.a(v5_apijump.c.obj)
                0x038026e0                vexTaskStopAll
 .text.vexTaskRemoveAllUser
                0x038026f0       0x34 C:\Program Files (x86)\VEX Robotics\VEXcode Pro V5\sdk/vexv5\libv5rt.a(v5_apijump.c.obj)
                0x038026f0                vexTaskRemoveAllUser
 .text.vexTaskCompletionIdSet
                0x03802724       0x10 C:\Program Files (x86)\VEX Robotics\VEXcode Pro V5\sdk/vexv5\libv5rt.a(v5_apijump.c.obj)
                0x03802724                vexTaskCompletionIdSet
 .text.vexTaskStopWithId
                0x03802734       0x10 C:\Program Files (x86)\VEX Robotics\VEXcode Pro V5\sdk/vexv5\libv5rt.a(v5_apijump.c.obj)
                0x03802734                vexTaskStopWithId
 .text.vexEventAdd
                0x03802744       0x34 C:\Program Files (x86)\VEX Robotics\VEXcode Pro V5\sdk/vexv5\libv5rt.a(v5_apijump.c.obj)
                0x03802744                vexEventAdd
 .text.vexEventUserIndexGet
                0x03802778       0x1c C:\Program Files (x86)\VEX Robotics\VEXcode Pro V5\sdk/vexv5\libv5rt.a(v5_apijump.c.obj)
                0x03802778                vexEventUserIndexGet
 .text.vexEventAddWithArg
                0x03802794       0x3c C:\Program Files (x86)\VEX Robotics\VEXcode Pro V5\sdk/vexv5\libv5rt.a(v5_apijump.c.obj)
                0x03802794                vexEventAddWithArg
 .text.vexEventsCleanup
                0x038027d0       0x2c C:\Program Files (x86)\VEX Robotics\VEXcode Pro V5\sdk/vexv5\libv5rt.a(v5_apijump.c.obj)
                0x038027d0                vexEventsCleanup
 .text.vexDebug
                0x038027fc       0x38 C:\Program Files (x86)\VEX Robotics\VEXcode Pro V5\sdk/vexv5\libv5rt.a(v5_apijump.c.obj)
                0x038027fc                vexDebug
 .text.vex_sprintf
                0x03802834       0x40 C:\Program Files (x86)\VEX Robotics\VEXcode Pro V5\sdk/vexv5\libv5rt.a(v5_apijump.c.obj)
                0x03802834                vex_sprintf
 .text.vex_vsnprintf
                0x03802874       0x3c C:\Program Files (x86)\VEX Robotics\VEXcode Pro V5\sdk/vexv5\libv5rt.a(v5_apijump.c.obj)
                0x03802874                vex_vsnprintf
 .text.vexSystemTimeGet
                0x038028b0       0x1c C:\Program Files (x86)\VEX Robotics\VEXcode Pro V5\sdk/vexv5\libv5rt.a(v5_apijump.c.obj)
                0x038028b0                vexSystemTimeGet
 .text.vexSystemExitRequest
                0x038028cc       0x1c C:\Program Files (x86)\VEX Robotics\VEXcode Pro V5\sdk/vexv5\libv5rt.a(v5_apijump.c.obj)
                0x038028cc                vexSystemExitRequest
 .text.vexDeviceGetByIndex
                0x038028e8       0x24 C:\Program Files (x86)\VEX Robotics\VEXcode Pro V5\sdk/vexv5\libv5rt.a(v5_apijump.c.obj)
                0x038028e8                vexDeviceGetByIndex
 .text.vexControllerGet
                0x0380290c       0x2c C:\Program Files (x86)\VEX Robotics\VEXcode Pro V5\sdk/vexv5\libv5rt.a(v5_apijump.c.obj)
                0x0380290c                vexControllerGet
 .text.vexControllerTextSet
                0x03802938       0x74 C:\Program Files (x86)\VEX Robotics\VEXcode Pro V5\sdk/vexv5\libv5rt.a(v5_apijump.c.obj)
                0x03802938                vexControllerTextSet
 .text.vexDeviceAdiPortConfigSet
                0x038029ac       0x34 C:\Program Files (x86)\VEX Robotics\VEXcode Pro V5\sdk/vexv5\libv5rt.a(v5_apijump.c.obj)
                0x038029ac                vexDeviceAdiPortConfigSet
 .text.vexDeviceAdiPortConfigGet
                0x038029e0       0x2c C:\Program Files (x86)\VEX Robotics\VEXcode Pro V5\sdk/vexv5\libv5rt.a(v5_apijump.c.obj)
                0x038029e0                vexDeviceAdiPortConfigGet
 .text.vexDeviceAdiValueSet
                0x03802a0c       0x34 C:\Program Files (x86)\VEX Robotics\VEXcode Pro V5\sdk/vexv5\libv5rt.a(v5_apijump.c.obj)
                0x03802a0c                vexDeviceAdiValueSet
 .text.vexDeviceMotorVelocitySet
                0x03802a40       0x2c C:\Program Files (x86)\VEX Robotics\VEXcode Pro V5\sdk/vexv5\libv5rt.a(v5_apijump.c.obj)
                0x03802a40                vexDeviceMotorVelocitySet
 .text.vexDeviceMotorVoltageSet
                0x03802a6c       0x2c C:\Program Files (x86)\VEX Robotics\VEXcode Pro V5\sdk/vexv5\libv5rt.a(v5_apijump.c.obj)
                0x03802a6c                vexDeviceMotorVoltageSet
 .text.vexDeviceMotorActualVelocityGet
                0x03802a98       0x24 C:\Program Files (x86)\VEX Robotics\VEXcode Pro V5\sdk/vexv5\libv5rt.a(v5_apijump.c.obj)
                0x03802a98                vexDeviceMotorActualVelocityGet
 .text.vexDeviceMotorTemperatureGet
                0x03802abc       0x24 C:\Program Files (x86)\VEX Robotics\VEXcode Pro V5\sdk/vexv5\libv5rt.a(v5_apijump.c.obj)
                0x03802abc                vexDeviceMotorTemperatureGet
 .text.vexDeviceMotorReverseFlagSet
                0x03802ae0       0x2c C:\Program Files (x86)\VEX Robotics\VEXcode Pro V5\sdk/vexv5\libv5rt.a(v5_apijump.c.obj)
                0x03802ae0                vexDeviceMotorReverseFlagSet
 .text.vexDeviceMotorBrakeModeSet
                0x03802b0c       0x2c C:\Program Files (x86)\VEX Robotics\VEXcode Pro V5\sdk/vexv5\libv5rt.a(v5_apijump.c.obj)
                0x03802b0c                vexDeviceMotorBrakeModeSet
 .text.vexDeviceMotorPositionSet
                0x03802b38       0x34 C:\Program Files (x86)\VEX Robotics\VEXcode Pro V5\sdk/vexv5\libv5rt.a(v5_apijump.c.obj)
                0x03802b38                vexDeviceMotorPositionSet
 .text.vexDeviceMotorGearingSet
                0x03802b6c       0x2c C:\Program Files (x86)\VEX Robotics\VEXcode Pro V5\sdk/vexv5\libv5rt.a(v5_apijump.c.obj)
                0x03802b6c                vexDeviceMotorGearingSet
 .text.vexDeviceMotorGearingGet
                0x03802b98       0x24 C:\Program Files (x86)\VEX Robotics\VEXcode Pro V5\sdk/vexv5\libv5rt.a(v5_apijump.c.obj)
                0x03802b98                vexDeviceMotorGearingGet
 .text.vexDeviceImuReset
                0x03802bbc       0x24 C:\Program Files (x86)\VEX Robotics\VEXcode Pro V5\sdk/vexv5\libv5rt.a(v5_apijump.c.obj)
                0x03802bbc                vexDeviceImuReset
 .text.vexDeviceImuHeadingGet
                0x03802be0       0x24 C:\Program Files (x86)\VEX Robotics\VEXcode Pro V5\sdk/vexv5\libv5rt.a(v5_apijump.c.obj)
                0x03802be0                vexDeviceImuHeadingGet
 .text.vexDeviceImuDegreesGet
                0x03802c04       0x24 C:\Program Files (x86)\VEX Robotics\VEXcode Pro V5\sdk/vexv5\libv5rt.a(v5_apijump.c.obj)
                0x03802c04                vexDeviceImuDegreesGet
 .text.vexDeviceImuStatusGet
                0x03802c28       0x24 C:\Program Files (x86)\VEX Robotics\VEXcode Pro V5\sdk/vexv5\libv5rt.a(v5_apijump.c.obj)
                0x03802c28                vexDeviceImuStatusGet
 .text.vexDeviceAbsEncPositionSet
                0x03802c4c       0x2c C:\Program Files (x86)\VEX Robotics\VEXcode Pro V5\sdk/vexv5\libv5rt.a(v5_apijump.c.obj)
                0x03802c4c                vexDeviceAbsEncPositionSet
 .text.vexDeviceAbsEncAngleGet
                0x03802c78       0x24 C:\Program Files (x86)\VEX Robotics\VEXcode Pro V5\sdk/vexv5\libv5rt.a(v5_apijump.c.obj)
                0x03802c78                vexDeviceAbsEncAngleGet
 .text.vexDeviceAbsEncReverseFlagSet
                0x03802c9c       0x2c C:\Program Files (x86)\VEX Robotics\VEXcode Pro V5\sdk/vexv5\libv5rt.a(v5_apijump.c.obj)
                0x03802c9c                vexDeviceAbsEncReverseFlagSet
 .text.vexDisplayForegroundColor
                0x03802cc8       0x24 C:\Program Files (x86)\VEX Robotics\VEXcode Pro V5\sdk/vexv5\libv5rt.a(v5_apijump.c.obj)
                0x03802cc8                vexDisplayForegroundColor
 .text.vexDisplayBackgroundColor
                0x03802cec       0x24 C:\Program Files (x86)\VEX Robotics\VEXcode Pro V5\sdk/vexv5\libv5rt.a(v5_apijump.c.obj)
                0x03802cec                vexDisplayBackgroundColor
 .text.vexDisplayVPrintf
                0x03802d10       0x50 C:\Program Files (x86)\VEX Robotics\VEXcode Pro V5\sdk/vexv5\libv5rt.a(v5_apijump.c.obj)
                0x03802d10                vexDisplayVPrintf
 .text.vexDisplayTextReference
                0x03802d60       0x24 C:\Program Files (x86)\VEX Robotics\VEXcode Pro V5\sdk/vexv5\libv5rt.a(v5_apijump.c.obj)
                0x03802d60                vexDisplayTextReference
 .text.vexDisplayTextSize
                0x03802d84       0x2c C:\Program Files (x86)\VEX Robotics\VEXcode Pro V5\sdk/vexv5\libv5rt.a(v5_apijump.c.obj)
                0x03802d84                vexDisplayTextSize
 .text.vexDisplayFontNamedSet
                0x03802db0       0x24 C:\Program Files (x86)\VEX Robotics\VEXcode Pro V5\sdk/vexv5\libv5rt.a(v5_apijump.c.obj)
                0x03802db0                vexDisplayFontNamedSet
 .text.vexDisplayStringWidthGet
                0x03802dd4       0x24 C:\Program Files (x86)\VEX Robotics\VEXcode Pro V5\sdk/vexv5\libv5rt.a(v5_apijump.c.obj)
                0x03802dd4                vexDisplayStringWidthGet
 .text.vexSystemStdlibImpureDataAddr
                0x03802df8       0x28 C:\Program Files (x86)\VEX Robotics\VEXcode Pro V5\sdk/vexv5\libv5rt.a(v5_apijump.c.obj)
                0x03802df8                vexSystemStdlibImpureDataAddr
 .text.vexSystemStdlibImpureDataSize
                0x03802e20       0x28 C:\Program Files (x86)\VEX Robotics\VEXcode Pro V5\sdk/vexv5\libv5rt.a(v5_apijump.c.obj)
                0x03802e20                vexSystemStdlibImpureDataSize
 .text.vexSystemSaveUserData
                0x03802e48       0x3c C:\Program Files (x86)\VEX Robotics\VEXcode Pro V5\sdk/vexv5\libv5rt.a(v5_apijump.c.obj)
                0x03802e48                vexSystemSaveUserData
 .text.vexDisplayThemeIdGet
                0x03802e84       0x38 C:\Program Files (x86)\VEX Robotics\VEXcode Pro V5\sdk/vexv5\libv5rt.a(v5_apijump.c.obj)
                0x03802e84                vexDisplayThemeIdGet
 .text.vexDeviceEventMaskSet
                0x03802ebc       0x48 C:\Program Files (x86)\VEX Robotics\VEXcode Pro V5\sdk/vexv5\libv5rt.a(v5_apijump.c.obj)
                0x03802ebc                vexDeviceEventMaskSet
 .text.vexDeviceEventMaskGet
                0x03802f04       0x3c C:\Program Files (x86)\VEX Robotics\VEXcode Pro V5\sdk/vexv5\libv5rt.a(v5_apijump.c.obj)
                0x03802f04                vexDeviceEventMaskGet
 .text.vexSystemVersion
                0x03802f40       0x10 C:\Program Files (x86)\VEX Robotics\VEXcode Pro V5\sdk/vexv5\libv5rt.a(v5_apiversions.c.obj)
                0x03802f40                vexSystemVersion
 .text.vexStdlibVersion
                0x03802f50       0x10 C:\Program Files (x86)\VEX Robotics\VEXcode Pro V5\sdk/vexv5\libv5rt.a(v5_apiversions.c.obj)
                0x03802f50                vexStdlibVersion
 .text._ZN3vex4waitEdNS_9timeUnitsE
                0x03802f60       0x30 C:\Program Files (x86)\VEX Robotics\VEXcode Pro V5\sdk/vexv5\libv5rt.a(vex_global.cpp.obj)
                0x03802f60                vex::wait(double, vex::timeUnits)
 .text._ZN3vex5motorD2Ev
                0x03802f90       0x20 C:\Program Files (x86)\VEX Robotics\VEXcode Pro V5\sdk/vexv5\libv5rt.a(vex_motor.cpp.obj)
                0x03802f90                vex::motor::~motor()
                0x03802f90                vex::motor::~motor()
 .text._ZN3vex5motorD0Ev
                0x03802fb0       0x1c C:\Program Files (x86)\VEX Robotics\VEXcode Pro V5\sdk/vexv5\libv5rt.a(vex_motor.cpp.obj)
                0x03802fb0                vex::motor::~motor()
 .text._ZN3vex5motor9installedEv
                0x03802fcc       0x18 C:\Program Files (x86)\VEX Robotics\VEXcode Pro V5\sdk/vexv5\libv5rt.a(vex_motor.cpp.obj)
                0x03802fcc                vex::motor::installed()
 .text._ZN3vex5motor15defaultStoppingENS_9brakeTypeE
                0x03802fe4       0x30 C:\Program Files (x86)\VEX Robotics\VEXcode Pro V5\sdk/vexv5\libv5rt.a(vex_motor.cpp.obj)
                0x03802fe4                vex::motor::defaultStopping(vex::brakeType)
 .text._ZN3vex5motorC2El
                0x03803014       0x78 C:\Program Files (x86)\VEX Robotics\VEXcode Pro V5\sdk/vexv5\libv5rt.a(vex_motor.cpp.obj)
                0x03803014                vex::motor::motor(long)
                0x03803014                vex::motor::motor(long)
 .text._ZN3vex5motorC2ElNS_11gearSettingEb
                0x0380308c       0x34 C:\Program Files (x86)\VEX Robotics\VEXcode Pro V5\sdk/vexv5\libv5rt.a(vex_motor.cpp.obj)
                0x0380308c                vex::motor::motor(long, vex::gearSetting, bool)
                0x0380308c                vex::motor::motor(long, vex::gearSetting, bool)
 .text._ZN3vex5motor4spinENS_13directionTypeEdNS_12voltageUnitsE
                0x038030c0       0x50 C:\Program Files (x86)\VEX Robotics\VEXcode Pro V5\sdk/vexv5\libv5rt.a(vex_motor.cpp.obj)
                0x038030c0                vex::motor::spin(vex::directionType, double, vex::voltageUnits)
 .text._ZN3vex5motor4stopENS_9brakeTypeE
                0x03803110       0x30 C:\Program Files (x86)\VEX Robotics\VEXcode Pro V5\sdk/vexv5\libv5rt.a(vex_motor.cpp.obj)
                0x03803110                vex::motor::stop(vex::brakeType)
 .text._ZN3vex5motor11temperatureENS_12percentUnitsE
                0x03803140       0x68 C:\Program Files (x86)\VEX Robotics\VEXcode Pro V5\sdk/vexv5\libv5rt.a(vex_motor.cpp.obj)
                0x03803140                vex::motor::temperature(vex::percentUnits)
 .text._ZN3vex5motor11temperatureENS_16temperatureUnitsE
                0x038031a8       0x40 C:\Program Files (x86)\VEX Robotics\VEXcode Pro V5\sdk/vexv5\libv5rt.a(vex_motor.cpp.obj)
                0x038031a8                vex::motor::temperature(vex::temperatureUnits)
 .text._ZN3vex5motor16velocityToScaledEdNS_13velocityUnitsE
                0x038031e8       0x5c C:\Program Files (x86)\VEX Robotics\VEXcode Pro V5\sdk/vexv5\libv5rt.a(vex_motor.cpp.obj)
                0x038031e8                vex::motor::velocityToScaled(double, vex::velocityUnits)
 .text._ZN3vex5motor8velocityENS_13velocityUnitsE
                0x03803244       0x30 C:\Program Files (x86)\VEX Robotics\VEXcode Pro V5\sdk/vexv5\libv5rt.a(vex_motor.cpp.obj)
                0x03803244                vex::motor::velocity(vex::velocityUnits)
 .text._ZN3vex5motor5valueEv
                0x03803274       0x1c C:\Program Files (x86)\VEX Robotics\VEXcode Pro V5\sdk/vexv5\libv5rt.a(vex_motor.cpp.obj)
                0x03803274                vex::motor::value()
 .text._ZN3vex5motor16scaledToVelocityEdNS_13velocityUnitsE
                0x03803290       0xa4 C:\Program Files (x86)\VEX Robotics\VEXcode Pro V5\sdk/vexv5\libv5rt.a(vex_motor.cpp.obj)
                0x03803290                vex::motor::scaledToVelocity(double, vex::velocityUnits)
 .text._ZN3vex5motor4spinENS_13directionTypeEdNS_13velocityUnitsE
                0x03803334       0x5c C:\Program Files (x86)\VEX Robotics\VEXcode Pro V5\sdk/vexv5\libv5rt.a(vex_motor.cpp.obj)
                0x03803334                vex::motor::spin(vex::directionType, double, vex::velocityUnits)
 .text._ZN3vex8inertial11getTurnTypeEv
                0x03803390        0x8 C:\Program Files (x86)\VEX Robotics\VEXcode Pro V5\sdk/vexv5\libv5rt.a(vex_imu.cpp.obj)
                0x03803390                vex::inertial::getTurnType()
 .text._ZThn16_N3vex8inertial11getTurnTypeEv
                0x03803398        0x8 C:\Program Files (x86)\VEX Robotics\VEXcode Pro V5\sdk/vexv5\libv5rt.a(vex_imu.cpp.obj)
                0x03803398                non-virtual thunk to vex::inertial::getTurnType()
 .text._ZN3vex8inertial10setHeadingEdNS_13rotationUnitsE
                0x038033a0       0x58 C:\Program Files (x86)\VEX Robotics\VEXcode Pro V5\sdk/vexv5\libv5rt.a(vex_imu.cpp.obj)
                0x038033a0                vex::inertial::setHeading(double, vex::rotationUnits)
 .text._ZThn16_N3vex8inertial10setHeadingEdNS_13rotationUnitsE
                0x038033f8        0x8 C:\Program Files (x86)\VEX Robotics\VEXcode Pro V5\sdk/vexv5\libv5rt.a(vex_imu.cpp.obj)
                0x038033f8                non-virtual thunk to vex::inertial::setHeading(double, vex::rotationUnits)
 .text._ZN3vex8inertial11setRotationEdNS_13rotationUnitsE
                0x03803400       0x58 C:\Program Files (x86)\VEX Robotics\VEXcode Pro V5\sdk/vexv5\libv5rt.a(vex_imu.cpp.obj)
                0x03803400                vex::inertial::setRotation(double, vex::rotationUnits)
 .text._ZThn16_N3vex8inertial11setRotationEdNS_13rotationUnitsE
                0x03803458        0x8 C:\Program Files (x86)\VEX Robotics\VEXcode Pro V5\sdk/vexv5\libv5rt.a(vex_imu.cpp.obj)
                0x03803458                non-virtual thunk to vex::inertial::setRotation(double, vex::rotationUnits)
 .text._ZN3vex8inertialD2Ev
                0x03803460       0x20 C:\Program Files (x86)\VEX Robotics\VEXcode Pro V5\sdk/vexv5\libv5rt.a(vex_imu.cpp.obj)
                0x03803460                vex::inertial::~inertial()
                0x03803460                vex::inertial::~inertial()
 .text._ZThn16_N3vex8inertialD1Ev
                0x03803480        0x8 C:\Program Files (x86)\VEX Robotics\VEXcode Pro V5\sdk/vexv5\libv5rt.a(vex_imu.cpp.obj)
                0x03803480                non-virtual thunk to vex::inertial::~inertial()
 .text._ZN3vex8inertialD0Ev
                0x03803488       0x1c C:\Program Files (x86)\VEX Robotics\VEXcode Pro V5\sdk/vexv5\libv5rt.a(vex_imu.cpp.obj)
                0x03803488                vex::inertial::~inertial()
 .text._ZThn16_N3vex8inertialD0Ev
                0x038034a4        0x8 C:\Program Files (x86)\VEX Robotics\VEXcode Pro V5\sdk/vexv5\libv5rt.a(vex_imu.cpp.obj)
                0x038034a4                non-virtual thunk to vex::inertial::~inertial()
 .text._ZN3vex8inertial9installedEv
                0x038034ac       0x18 C:\Program Files (x86)\VEX Robotics\VEXcode Pro V5\sdk/vexv5\libv5rt.a(vex_imu.cpp.obj)
                0x038034ac                vex::inertial::installed()
 .text._ZN3vex8inertial5angleENS_13rotationUnitsE
                0x038034c4       0x6c C:\Program Files (x86)\VEX Robotics\VEXcode Pro V5\sdk/vexv5\libv5rt.a(vex_imu.cpp.obj)
                0x038034c4                vex::inertial::angle(vex::rotationUnits)
 .text._ZThn16_N3vex8inertial5angleENS_13rotationUnitsE
                0x03803530        0x8 C:\Program Files (x86)\VEX Robotics\VEXcode Pro V5\sdk/vexv5\libv5rt.a(vex_imu.cpp.obj)
                0x03803530                non-virtual thunk to vex::inertial::angle(vex::rotationUnits)
 .text._ZN3vex8inertial7headingENS_13rotationUnitsE
                0x03803538        0x4 C:\Program Files (x86)\VEX Robotics\VEXcode Pro V5\sdk/vexv5\libv5rt.a(vex_imu.cpp.obj)
                0x03803538                vex::inertial::heading(vex::rotationUnits)
 .text._ZThn16_N3vex8inertial7headingENS_13rotationUnitsE
                0x0380353c        0x8 C:\Program Files (x86)\VEX Robotics\VEXcode Pro V5\sdk/vexv5\libv5rt.a(vex_imu.cpp.obj)
                0x0380353c                non-virtual thunk to vex::inertial::heading(vex::rotationUnits)
 .text._ZN3vex8inertial5valueEv
                0x03803544       0x1c C:\Program Files (x86)\VEX Robotics\VEXcode Pro V5\sdk/vexv5\libv5rt.a(vex_imu.cpp.obj)
                0x03803544                vex::inertial::value()
 .text._ZN3vex8inertial8rotationENS_13rotationUnitsE
                0x03803560       0x48 C:\Program Files (x86)\VEX Robotics\VEXcode Pro V5\sdk/vexv5\libv5rt.a(vex_imu.cpp.obj)
                0x03803560                vex::inertial::rotation(vex::rotationUnits)
 .text._ZThn16_N3vex8inertial8rotationENS_13rotationUnitsE
                0x038035a8        0x8 C:\Program Files (x86)\VEX Robotics\VEXcode Pro V5\sdk/vexv5\libv5rt.a(vex_imu.cpp.obj)
                0x038035a8                non-virtual thunk to vex::inertial::rotation(vex::rotationUnits)
 .text._ZN3vex8inertial13isCalibratingEv
                0x038035b0       0x38 C:\Program Files (x86)\VEX Robotics\VEXcode Pro V5\sdk/vexv5\libv5rt.a(vex_imu.cpp.obj)
                0x038035b0                vex::inertial::isCalibrating()
 .text._ZThn16_N3vex8inertial13isCalibratingEv
                0x038035e8        0x8 C:\Program Files (x86)\VEX Robotics\VEXcode Pro V5\sdk/vexv5\libv5rt.a(vex_imu.cpp.obj)
                0x038035e8                non-virtual thunk to vex::inertial::isCalibrating()
 .text._ZN3vex8inertialC2ElNS_8turnTypeE
                0x038035f0       0x4c C:\Program Files (x86)\VEX Robotics\VEXcode Pro V5\sdk/vexv5\libv5rt.a(vex_imu.cpp.obj)
                0x038035f0                vex::inertial::inertial(long, vex::turnType)
                0x038035f0                vex::inertial::inertial(long, vex::turnType)
 .text._ZN3vex8inertial16startCalibrationEl
                0x0380363c       0x20 C:\Program Files (x86)\VEX Robotics\VEXcode Pro V5\sdk/vexv5\libv5rt.a(vex_imu.cpp.obj)
                0x0380363c                vex::inertial::startCalibration(long)
 .text._ZN3vex8inertial9calibrateEl
                0x0380365c        0xc C:\Program Files (x86)\VEX Robotics\VEXcode Pro V5\sdk/vexv5\libv5rt.a(vex_imu.cpp.obj)
                0x0380365c                vex::inertial::calibrate(long)
                0x03803660                non-virtual thunk to vex::inertial::calibrate(long)
 .text._ZN3vex8rotationD2Ev
                0x03803668       0x20 C:\Program Files (x86)\VEX Robotics\VEXcode Pro V5\sdk/vexv5\libv5rt.a(vex_rotation.cpp.obj)
                0x03803668                vex::rotation::~rotation()
                0x03803668                vex::rotation::~rotation()
 .text._ZN3vex8rotationD0Ev
                0x03803688       0x1c C:\Program Files (x86)\VEX Robotics\VEXcode Pro V5\sdk/vexv5\libv5rt.a(vex_rotation.cpp.obj)
                0x03803688                vex::rotation::~rotation()
 .text._ZN3vex8rotation9installedEv
                0x038036a4       0x18 C:\Program Files (x86)\VEX Robotics\VEXcode Pro V5\sdk/vexv5\libv5rt.a(vex_rotation.cpp.obj)
                0x038036a4                vex::rotation::installed()
 .text._ZN3vex8rotation5valueEv
                0x038036bc        0x8 C:\Program Files (x86)\VEX Robotics\VEXcode Pro V5\sdk/vexv5\libv5rt.a(vex_rotation.cpp.obj)
                0x038036bc                vex::rotation::value()
 .text._ZN3vex8rotationC2Elb
                0x038036c4       0x30 C:\Program Files (x86)\VEX Robotics\VEXcode Pro V5\sdk/vexv5\libv5rt.a(vex_rotation.cpp.obj)
                0x038036c4                vex::rotation::rotation(long, bool)
                0x038036c4                vex::rotation::rotation(long, bool)
 .text._ZN3vex8rotation13resetPositionEv
                0x038036f4        0xc C:\Program Files (x86)\VEX Robotics\VEXcode Pro V5\sdk/vexv5\libv5rt.a(vex_rotation.cpp.obj)
                0x038036f4                vex::rotation::resetPosition()
 .text._ZN3vex10controllerD2Ev
                0x03803700        0x4 C:\Program Files (x86)\VEX Robotics\VEXcode Pro V5\sdk/vexv5\libv5rt.a(vex_controller.cpp.obj)
                0x03803700                vex::controller::~controller()
                0x03803700                vex::controller::~controller()
 .text._ZN3vex10controller5valueE19_V5_ControllerIndex
                0x03803704        0x8 C:\Program Files (x86)\VEX Robotics\VEXcode Pro V5\sdk/vexv5\libv5rt.a(vex_controller.cpp.obj)
                0x03803704                vex::controller::value(_V5_ControllerIndex)
 .text._ZN3vex10controller6rumbleEPKc
                0x0380370c       0x4c C:\Program Files (x86)\VEX Robotics\VEXcode Pro V5\sdk/vexv5\libv5rt.a(vex_controller.cpp.obj)
                0x0380370c                vex::controller::rumble(char const*)
 .text._ZNK3vex10controller6button8pressingEv
                0x03803758       0xc8 C:\Program Files (x86)\VEX Robotics\VEXcode Pro V5\sdk/vexv5\libv5rt.a(vex_controller.cpp.obj)
                0x03803758                vex::controller::button::pressing() const
 .text._ZNK3vex10controller6button21_buttonToPressedEventEv
                0x03803820       0x20 C:\Program Files (x86)\VEX Robotics\VEXcode Pro V5\sdk/vexv5\libv5rt.a(vex_controller.cpp.obj)
                0x03803820                vex::controller::button::_buttonToPressedEvent() const
 .text._ZNK3vex10controller6button22_buttonToReleasedEventEv
                0x03803840       0x20 C:\Program Files (x86)\VEX Robotics\VEXcode Pro V5\sdk/vexv5\libv5rt.a(vex_controller.cpp.obj)
                0x03803840                vex::controller::button::_buttonToReleasedEvent() const
 .text._ZN3vex10controller6buttonC2ENS0_11tButtonTypeEPS0_
                0x03803860       0x48 C:\Program Files (x86)\VEX Robotics\VEXcode Pro V5\sdk/vexv5\libv5rt.a(vex_controller.cpp.obj)
                0x03803860                vex::controller::button::button(vex::controller::tButtonType, vex::controller*)
                0x03803860                vex::controller::button::button(vex::controller::tButtonType, vex::controller*)
 .text._ZNK3vex10controller4axis5valueEv
                0x038038a8       0x58 C:\Program Files (x86)\VEX Robotics\VEXcode Pro V5\sdk/vexv5\libv5rt.a(vex_controller.cpp.obj)
                0x038038a8                vex::controller::axis::value() const
 .text._ZNK3vex10controller4axis8positionENS_12percentUnitsE
                0x03803900       0x1c C:\Program Files (x86)\VEX Robotics\VEXcode Pro V5\sdk/vexv5\libv5rt.a(vex_controller.cpp.obj)
                0x03803900                vex::controller::axis::position(vex::percentUnits) const
 .text._ZNK3vex10controller4axis23_joystickToChangedEventEv
                0x0380391c       0x20 C:\Program Files (x86)\VEX Robotics\VEXcode Pro V5\sdk/vexv5\libv5rt.a(vex_controller.cpp.obj)
                0x0380391c                vex::controller::axis::_joystickToChangedEvent() const
 .text._ZN3vex10controller4axisC2ENS0_9tAxisTypeEPS0_
                0x0380393c       0x2c C:\Program Files (x86)\VEX Robotics\VEXcode Pro V5\sdk/vexv5\libv5rt.a(vex_controller.cpp.obj)
                0x0380393c                vex::controller::axis::axis(vex::controller::tAxisType, vex::controller*)
                0x0380393c                vex::controller::axis::axis(vex::controller::tAxisType, vex::controller*)
 .text._ZN3vex10controllerC2ENS_14controllerTypeE
                0x03803968      0x16c C:\Program Files (x86)\VEX Robotics\VEXcode Pro V5\sdk/vexv5\libv5rt.a(vex_controller.cpp.obj)
                0x03803968                vex::controller::controller(vex::controllerType)
                0x03803968                vex::controller::controller(vex::controllerType)
 .text._ZN3vex4taskC2EPFivE
                0x03803ad4       0x5c C:\Program Files (x86)\VEX Robotics\VEXcode Pro V5\sdk/vexv5\libv5rt.a(vex_task.cpp.obj)
                0x03803ad4                vex::task::task(int (*)())
                0x03803ad4                vex::task::task(int (*)())
 .text._ZN3vex4taskD2Ev
                0x03803b30        0x4 C:\Program Files (x86)\VEX Robotics\VEXcode Pro V5\sdk/vexv5\libv5rt.a(vex_task.cpp.obj)
                0x03803b30                vex::task::~task()
                0x03803b30                vex::task::~task()
 .text._ZN3vex4task4stopEPvi
                0x03803b34       0x1c C:\Program Files (x86)\VEX Robotics\VEXcode Pro V5\sdk/vexv5\libv5rt.a(vex_task.cpp.obj)
                0x03803b34                vex::task::stop(void*, int)
 .text._ZN3vex4task5sleepEm
                0x03803b50        0x4 C:\Program Files (x86)\VEX Robotics\VEXcode Pro V5\sdk/vexv5\libv5rt.a(vex_task.cpp.obj)
                0x03803b50                vex::task::sleep(unsigned long)
 .text._ZN3vex4task6_indexEPFivE
                0x03803b54       0x14 C:\Program Files (x86)\VEX Robotics\VEXcode Pro V5\sdk/vexv5\libv5rt.a(vex_task.cpp.obj)
                0x03803b54                vex::task::_index(int (*)())
 .text._ZN3vex4task8_stopAllEv
                0x03803b68       0x3c C:\Program Files (x86)\VEX Robotics\VEXcode Pro V5\sdk/vexv5\libv5rt.a(vex_task.cpp.obj)
                0x03803b68                vex::task::_stopAll()
 .text._ZN3vex11this_thread9sleep_forEm
                0x03803ba4        0x4 C:\Program Files (x86)\VEX Robotics\VEXcode Pro V5\sdk/vexv5\libv5rt.a(vex_thread.cpp.obj)
                0x03803ba4                vex::this_thread::sleep_for(unsigned long)
 .text._ZN3vex5event4initEmmPFvvE
                0x03803ba8        0x4 C:\Program Files (x86)\VEX Robotics\VEXcode Pro V5\sdk/vexv5\libv5rt.a(vex_event.cpp.obj)
                0x03803ba8                vex::event::init(unsigned long, unsigned long, void (*)())
 .text._ZN3vex5event4initEmmPFvPvES1_
                0x03803bac        0x4 C:\Program Files (x86)\VEX Robotics\VEXcode Pro V5\sdk/vexv5\libv5rt.a(vex_event.cpp.obj)
                0x03803bac                vex::event::init(unsigned long, unsigned long, void (*)(void*), void*)
 .text._ZN3vex5event9userindexEv
                0x03803bb0        0x4 C:\Program Files (x86)\VEX Robotics\VEXcode Pro V5\sdk/vexv5\libv5rt.a(vex_event.cpp.obj)
                0x03803bb0                vex::event::userindex()
 .text._ZZN3vex6meventC4EmmENUlvE_4_FUNEv
                0x03803bb4        0x4 C:\Program Files (x86)\VEX Robotics\VEXcode Pro V5\sdk/vexv5\libv5rt.a(vex_mevent.cpp.obj)
 .text._ZN3vex6meventC2Emm
                0x03803bb8       0x70 C:\Program Files (x86)\VEX Robotics\VEXcode Pro V5\sdk/vexv5\libv5rt.a(vex_mevent.cpp.obj)
                0x03803bb8                vex::mevent::mevent(unsigned long, unsigned long)
                0x03803bb8                vex::mevent::mevent(unsigned long, unsigned long)
 .text._ZN3vex5brain9_getIndexEv
                0x03803c28       0x10 C:\Program Files (x86)\VEX Robotics\VEXcode Pro V5\sdk/vexv5\libv5rt.a(vex_brain.cpp.obj)
                0x03803c28                vex::brain::_getIndex()
 .text._ZN3vex5brain3lcd9setCursorEll
                0x03803c38       0x44 C:\Program Files (x86)\VEX Robotics\VEXcode Pro V5\sdk/vexv5\libv5rt.a(vex_brain.cpp.obj)
                0x03803c38                vex::brain::lcd::setCursor(long, long)
 .text._ZN3vex5brain3lcd7setFontENS_8fontTypeE
                0x03803c7c      0x23c C:\Program Files (x86)\VEX Robotics\VEXcode Pro V5\sdk/vexv5\libv5rt.a(vex_brain.cpp.obj)
                0x03803c7c                vex::brain::lcd::setFont(vex::fontType)
 .text._ZN3vex5brain3lcdC2Ev
                0x03803eb8       0x94 C:\Program Files (x86)\VEX Robotics\VEXcode Pro V5\sdk/vexv5\libv5rt.a(vex_brain.cpp.obj)
                0x03803eb8                vex::brain::lcd::lcd()
                0x03803eb8                vex::brain::lcd::lcd()
 .text._ZN3vex5brainC2Ev
                0x03803f4c       0x3c C:\Program Files (x86)\VEX Robotics\VEXcode Pro V5\sdk/vexv5\libv5rt.a(vex_brain.cpp.obj)
                0x03803f4c                vex::brain::brain()
                0x03803f4c                vex::brain::brain()
 .text._ZN3vex5brain3lcd7newLineEv
                0x03803f88       0x20 C:\Program Files (x86)\VEX Robotics\VEXcode Pro V5\sdk/vexv5\libv5rt.a(vex_brain.cpp.obj)
                0x03803f88                vex::brain::lcd::newLine()
 .text._ZN3vex5brain3lcd10rowToPixelEl
                0x03803fa8       0x34 C:\Program Files (x86)\VEX Robotics\VEXcode Pro V5\sdk/vexv5\libv5rt.a(vex_brain.cpp.obj)
                0x03803fa8                vex::brain::lcd::rowToPixel(long)
 .text._ZN3vex5brain3lcd5printEPKcz
                0x03803fdc       0xb8 C:\Program Files (x86)\VEX Robotics\VEXcode Pro V5\sdk/vexv5\libv5rt.a(vex_brain.cpp.obj)
                0x03803fdc                vex::brain::lcd::print(char const*, ...)
 .text._ZN3vex5brainD2Ev
                0x03804094       0x20 C:\Program Files (x86)\VEX Robotics\VEXcode Pro V5\sdk/vexv5\libv5rt.a(vex_brain.cpp.obj)
                0x03804094                vex::brain::~brain()
                0x03804094                vex::brain::~brain()
 .text._ZN3vex11competition8_disableEPv
                0x038040b4       0xa4 C:\Program Files (x86)\VEX Robotics\VEXcode Pro V5\sdk/vexv5\libv5rt.a(vex_competition.cpp.obj)
                0x038040b4                vex::competition::_disable(void*)
 .text._ZN3vex11competition11_autonomousEv
                0x03804158       0x80 C:\Program Files (x86)\VEX Robotics\VEXcode Pro V5\sdk/vexv5\libv5rt.a(vex_competition.cpp.obj)
                0x03804158                vex::competition::_autonomous()
 .text._ZN3vex11competition14_drivercontrolEv
                0x038041d8       0x80 C:\Program Files (x86)\VEX Robotics\VEXcode Pro V5\sdk/vexv5\libv5rt.a(vex_competition.cpp.obj)
                0x038041d8                vex::competition::_drivercontrol()
 .text._ZN3vex11competitionC2Ev
                0x03804258      0x13c C:\Program Files (x86)\VEX Robotics\VEXcode Pro V5\sdk/vexv5\libv5rt.a(vex_competition.cpp.obj)
                0x03804258                vex::competition::competition()
                0x03804258                vex::competition::competition()
 .text._ZN3vex11competitionD2Ev
                0x03804394        0x4 C:\Program Files (x86)\VEX Robotics\VEXcode Pro V5\sdk/vexv5\libv5rt.a(vex_competition.cpp.obj)
                0x03804394                vex::competition::~competition()
                0x03804394                vex::competition::~competition()
 .text._ZN3vex11competition10autonomousEPFvvE
                0x03804398       0x44 C:\Program Files (x86)\VEX Robotics\VEXcode Pro V5\sdk/vexv5\libv5rt.a(vex_competition.cpp.obj)
                0x03804398                vex::competition::autonomous(void (*)())
 .text._ZN3vex11competition13drivercontrolEPFvvE
                0x038043dc       0x44 C:\Program Files (x86)\VEX Robotics\VEXcode Pro V5\sdk/vexv5\libv5rt.a(vex_competition.cpp.obj)
                0x038043dc                vex::competition::drivercontrol(void (*)())
 .text._ZN3vex7triportD2Ev
                0x03804420       0x38 C:\Program Files (x86)\VEX Robotics\VEXcode Pro V5\sdk/vexv5\libv5rt.a(vex_triport.cpp.obj)
                0x03804420                vex::triport::~triport()
                0x03804420                vex::triport::~triport()
 .text._ZN3vex7triportD0Ev
                0x03804458       0x1c C:\Program Files (x86)\VEX Robotics\VEXcode Pro V5\sdk/vexv5\libv5rt.a(vex_triport.cpp.obj)
                0x03804458                vex::triport::~triport()
 .text._ZN3vex7triport9installedEv
                0x03804474       0x18 C:\Program Files (x86)\VEX Robotics\VEXcode Pro V5\sdk/vexv5\libv5rt.a(vex_triport.cpp.obj)
                0x03804474                vex::triport::installed()
 .text._ZN3vex7triport4portC2ElPS0_
                0x0380448c       0x74 C:\Program Files (x86)\VEX Robotics\VEXcode Pro V5\sdk/vexv5\libv5rt.a(vex_triport.cpp.obj)
                0x0380448c                vex::triport::port::port(long, vex::triport*)
                0x0380448c                vex::triport::port::port(long, vex::triport*)
 .text._ZN3vex7triportC2El
                0x03804500       0xf0 C:\Program Files (x86)\VEX Robotics\VEXcode Pro V5\sdk/vexv5\libv5rt.a(vex_triport.cpp.obj)
                0x03804500                vex::triport::triport(long)
                0x03804500                vex::triport::triport(long)
 .text._ZN3vex7triport4port4typeENS_11triportTypeE
                0x038045f0       0x30 C:\Program Files (x86)\VEX Robotics\VEXcode Pro V5\sdk/vexv5\libv5rt.a(vex_triport.cpp.obj)
                0x038045f0                vex::triport::port::type(vex::triportType)
 .text._ZN3vex7triport4port4typeEv
                0x03804620       0x38 C:\Program Files (x86)\VEX Robotics\VEXcode Pro V5\sdk/vexv5\libv5rt.a(vex_triport.cpp.obj)
                0x03804620                vex::triport::port::type()
 .text._ZN3vex7triport4port5valueEl
                0x03804658       0x18 C:\Program Files (x86)\VEX Robotics\VEXcode Pro V5\sdk/vexv5\libv5rt.a(vex_triport.cpp.obj)
                0x03804658                vex::triport::port::value(long)
 .text._ZN3vex11__trideviceC2ERNS_7triport4portENS_11triportTypeE
                0x03804670       0x5c C:\Program Files (x86)\VEX Robotics\VEXcode Pro V5\sdk/vexv5\libv5rt.a(vex_triport.cpp.obj)
                0x03804670                vex::__tridevice::__tridevice(vex::triport::port&, vex::triportType)
                0x03804670                vex::__tridevice::__tridevice(vex::triport::port&, vex::triportType)
 .text._ZN3vex11digital_outC2ERNS_7triport4portE
                0x038046cc       0x18 C:\Program Files (x86)\VEX Robotics\VEXcode Pro V5\sdk/vexv5\libv5rt.a(vex_triport.cpp.obj)
                0x038046cc                vex::digital_out::digital_out(vex::triport::port&)
                0x038046cc                vex::digital_out::digital_out(vex::triport::port&)
 .text._ZN3vex11digital_outD2Ev
                0x038046e4        0x4 C:\Program Files (x86)\VEX Robotics\VEXcode Pro V5\sdk/vexv5\libv5rt.a(vex_triport.cpp.obj)
                0x038046e4                vex::digital_out::~digital_out()
                0x038046e4                vex::digital_out::~digital_out()
 .text._ZN3vex11digital_out3setEb
                0x038046e8        0x8 C:\Program Files (x86)\VEX Robotics\VEXcode Pro V5\sdk/vexv5\libv5rt.a(vex_triport.cpp.obj)
                0x038046e8                vex::digital_out::set(bool)
 .text._ZN3vex5colorD2Ev
                0x038046f0        0x4 C:\Program Files (x86)\VEX Robotics\VEXcode Pro V5\sdk/vexv5\libv5rt.a(vex_color.cpp.obj)
                0x038046f0                vex::color::~color()
                0x038046f0                vex::color::~color()
 .text.startup._GLOBAL__sub_I__ZN3vex5color5blackE
                0x038046f4      0x164 C:\Program Files (x86)\VEX Robotics\VEXcode Pro V5\sdk/vexv5\libv5rt.a(vex_color.cpp.obj)
 .text._ZN3vex5timerD2Ev
                0x03804858        0x4 C:\Program Files (x86)\VEX Robotics\VEXcode Pro V5\sdk/vexv5\libv5rt.a(vex_timer.cpp.obj)
                0x03804858                vex::timer::~timer()
                0x03804858                vex::timer::~timer()
 .text._ZN3vex5timer5clearEv
                0x0380485c       0x1c C:\Program Files (x86)\VEX Robotics\VEXcode Pro V5\sdk/vexv5\libv5rt.a(vex_timer.cpp.obj)
                0x0380485c                vex::timer::clear()
 .text._ZN3vex5timerC2Ev
                0x03804878       0x14 C:\Program Files (x86)\VEX Robotics\VEXcode Pro V5\sdk/vexv5\libv5rt.a(vex_timer.cpp.obj)
                0x03804878                vex::timer::timer()
                0x03804878                vex::timer::timer()
 .text.vexAdiPortConfigSet
                0x0380488c       0x28 C:\Program Files (x86)\VEX Robotics\VEXcode Pro V5\sdk/vexv5\libv5rt.a(v5_apiuser.c.obj)
                0x0380488c                vexAdiPortConfigSet
 .text.vexAdiPortConfigGet
                0x038048b4       0x28 C:\Program Files (x86)\VEX Robotics\VEXcode Pro V5\sdk/vexv5\libv5rt.a(v5_apiuser.c.obj)
                0x038048b4                vexAdiPortConfigGet
 .text.vexAdiValueSet
                0x038048dc       0x28 C:\Program Files (x86)\VEX Robotics\VEXcode Pro V5\sdk/vexv5\libv5rt.a(v5_apiuser.c.obj)
                0x038048dc                vexAdiValueSet
 .text.vexMotorVelocitySet
                0x03804904       0x20 C:\Program Files (x86)\VEX Robotics\VEXcode Pro V5\sdk/vexv5\libv5rt.a(v5_apiuser.c.obj)
                0x03804904                vexMotorVelocitySet
 .text.vexMotorVoltageSet
                0x03804924       0x20 C:\Program Files (x86)\VEX Robotics\VEXcode Pro V5\sdk/vexv5\libv5rt.a(v5_apiuser.c.obj)
                0x03804924                vexMotorVoltageSet
 .text.vexMotorActualVelocityGet
                0x03804944       0x24 C:\Program Files (x86)\VEX Robotics\VEXcode Pro V5\sdk/vexv5\libv5rt.a(v5_apiuser.c.obj)
                0x03804944                vexMotorActualVelocityGet
 .text.vexMotorTemperatureGet
                0x03804968       0x24 C:\Program Files (x86)\VEX Robotics\VEXcode Pro V5\sdk/vexv5\libv5rt.a(v5_apiuser.c.obj)
                0x03804968                vexMotorTemperatureGet
 .text.vexMotorReverseFlagSet
                0x0380498c       0x20 C:\Program Files (x86)\VEX Robotics\VEXcode Pro V5\sdk/vexv5\libv5rt.a(v5_apiuser.c.obj)
                0x0380498c                vexMotorReverseFlagSet
 .text.vexMotorBrakeModeSet
                0x038049ac       0x20 C:\Program Files (x86)\VEX Robotics\VEXcode Pro V5\sdk/vexv5\libv5rt.a(v5_apiuser.c.obj)
                0x038049ac                vexMotorBrakeModeSet
 .text.vexMotorPositionSet
                0x038049cc       0x28 C:\Program Files (x86)\VEX Robotics\VEXcode Pro V5\sdk/vexv5\libv5rt.a(v5_apiuser.c.obj)
                0x038049cc                vexMotorPositionSet
 .text.vexMotorGearingSet
                0x038049f4       0x20 C:\Program Files (x86)\VEX Robotics\VEXcode Pro V5\sdk/vexv5\libv5rt.a(v5_apiuser.c.obj)
                0x038049f4                vexMotorGearingSet
 .text.vexMotorGearingGet
                0x03804a14       0x18 C:\Program Files (x86)\VEX Robotics\VEXcode Pro V5\sdk/vexv5\libv5rt.a(v5_apiuser.c.obj)
                0x03804a14                vexMotorGearingGet
 .text.vexImuReset
                0x03804a2c       0x10 C:\Program Files (x86)\VEX Robotics\VEXcode Pro V5\sdk/vexv5\libv5rt.a(v5_apiuser.c.obj)
                0x03804a2c                vexImuReset
 .text.vexImuHeadingGet
                0x03804a3c       0x10 C:\Program Files (x86)\VEX Robotics\VEXcode Pro V5\sdk/vexv5\libv5rt.a(v5_apiuser.c.obj)
                0x03804a3c                vexImuHeadingGet
 .text.vexImuDegreesGet
                0x03804a4c       0x10 C:\Program Files (x86)\VEX Robotics\VEXcode Pro V5\sdk/vexv5\libv5rt.a(v5_apiuser.c.obj)
                0x03804a4c                vexImuDegreesGet
 .text.vexImuStatusGet
                0x03804a5c       0x10 C:\Program Files (x86)\VEX Robotics\VEXcode Pro V5\sdk/vexv5\libv5rt.a(v5_apiuser.c.obj)
                0x03804a5c                vexImuStatusGet
 .text.vexAbsEncPositionSet
                0x03804a6c       0x18 C:\Program Files (x86)\VEX Robotics\VEXcode Pro V5\sdk/vexv5\libv5rt.a(v5_apiuser.c.obj)
                0x03804a6c                vexAbsEncPositionSet
 .text.vexAbsEncAngleGet
                0x03804a84       0x10 C:\Program Files (x86)\VEX Robotics\VEXcode Pro V5\sdk/vexv5\libv5rt.a(v5_apiuser.c.obj)
                0x03804a84                vexAbsEncAngleGet
 .text.vexAbsEncReverseFlagSet
                0x03804a94       0x18 C:\Program Files (x86)\VEX Robotics\VEXcode Pro V5\sdk/vexv5\libv5rt.a(v5_apiuser.c.obj)
                0x03804a94                vexAbsEncReverseFlagSet
 .text.vexEventMaskSet
                0x03804aac       0x28 C:\Program Files (x86)\VEX Robotics\VEXcode Pro V5\sdk/vexv5\libv5rt.a(v5_apiuser.c.obj)
                0x03804aac                vexEventMaskSet
 .text.vexEventMaskGet
                0x03804ad4       0x18 C:\Program Files (x86)\VEX Robotics\VEXcode Pro V5\sdk/vexv5\libv5rt.a(v5_apiuser.c.obj)
                0x03804ad4                vexEventMaskGet
 .text._ZN3vex6deviceD2Ev
                0x03804aec        0x4 C:\Program Files (x86)\VEX Robotics\VEXcode Pro V5\sdk/vexv5\libv5rt.a(vex_device.cpp.obj)
                0x03804aec                vex::device::~device()
                0x03804aec                vex::device::~device()
 .text._ZN3vex6device5valueEv
                0x03804af0        0x8 C:\Program Files (x86)\VEX Robotics\VEXcode Pro V5\sdk/vexv5\libv5rt.a(vex_device.cpp.obj)
                0x03804af0                vex::device::value()
 .text._ZN3vex6deviceD0Ev
                0x03804af8       0x14 C:\Program Files (x86)\VEX Robotics\VEXcode Pro V5\sdk/vexv5\libv5rt.a(vex_device.cpp.obj)
                0x03804af8                vex::device::~device()
 .text._ZN3vex6device4initEl
                0x03804b0c       0x30 C:\Program Files (x86)\VEX Robotics\VEXcode Pro V5\sdk/vexv5\libv5rt.a(vex_device.cpp.obj)
                0x03804b0c                vex::device::init(long)
 .text._ZN3vex6deviceC2El
                0x03804b3c       0x20 C:\Program Files (x86)\VEX Robotics\VEXcode Pro V5\sdk/vexv5\libv5rt.a(vex_device.cpp.obj)
                0x03804b3c                vex::device::device(long)
                0x03804b3c                vex::device::device(long)
 .text._ZN3vex6device4typeEv
                0x03804b5c       0x10 C:\Program Files (x86)\VEX Robotics\VEXcode Pro V5\sdk/vexv5\libv5rt.a(vex_device.cpp.obj)
                0x03804b5c                vex::device::type()
 .text._ZN3vex6device9installedEv
                0x03804b6c       0x14 C:\Program Files (x86)\VEX Robotics\VEXcode Pro V5\sdk/vexv5\libv5rt.a(vex_device.cpp.obj)
                0x03804b6c                vex::device::installed()
 .text._ZNK10__cxxabiv117__class_type_info11__do_upcastEPKS0_PPv
                0x03804b80       0x38 C:\Program Files (x86)\VEX Robotics\VEXcode Pro V5\sdk/vexv5/gcc/libs\libstdc++.a(class_type_info.o)
                0x03804b80                __cxxabiv1::__class_type_info::__do_upcast(__cxxabiv1::__class_type_info const*, void**) const
 .text._ZNK10__cxxabiv117__class_type_info20__do_find_public_srcEiPKvPKS0_S2_
                0x03804bb8        0xc C:\Program Files (x86)\VEX Robotics\VEXcode Pro V5\sdk/vexv5/gcc/libs\libstdc++.a(class_type_info.o)
                0x03804bb8                __cxxabiv1::__class_type_info::__do_find_public_src(int, void const*, __cxxabiv1::__class_type_info const*, void const*) const
 .text._ZN10__cxxabiv117__class_type_infoD2Ev
                0x03804bc4       0x14 C:\Program Files (x86)\VEX Robotics\VEXcode Pro V5\sdk/vexv5/gcc/libs\libstdc++.a(class_type_info.o)
                0x03804bc4                __cxxabiv1::__class_type_info::~__class_type_info()
                0x03804bc4                __cxxabiv1::__class_type_info::~__class_type_info()
 .text._ZN10__cxxabiv117__class_type_infoD0Ev
                0x03804bd8       0x1c C:\Program Files (x86)\VEX Robotics\VEXcode Pro V5\sdk/vexv5/gcc/libs\libstdc++.a(class_type_info.o)
                0x03804bd8                __cxxabiv1::__class_type_info::~__class_type_info()
 .text._ZNK10__cxxabiv117__class_type_info11__do_upcastEPKS0_PKvRNS0_15__upcast_resultE
                0x03804bf4       0x18 C:\Program Files (x86)\VEX Robotics\VEXcode Pro V5\sdk/vexv5/gcc/libs\libstdc++.a(class_type_info.o)
                0x03804bf4                __cxxabiv1::__class_type_info::__do_upcast(__cxxabiv1::__class_type_info const*, void const*, __cxxabiv1::__class_type_info::__upcast_result&) const
 .text._ZNK10__cxxabiv117__class_type_info10__do_catchEPKSt9type_infoPPvj
                0x03804c0c       0x2c C:\Program Files (x86)\VEX Robotics\VEXcode Pro V5\sdk/vexv5/gcc/libs\libstdc++.a(class_type_info.o)
                0x03804c0c                __cxxabiv1::__class_type_info::__do_catch(std::type_info const*, void**, unsigned int) const
 .text._ZNK10__cxxabiv117__class_type_info12__do_dyncastEiNS0_10__sub_kindEPKS0_PKvS3_S5_RNS0_16__dyncast_resultE
                0x03804c38       0x40 C:\Program Files (x86)\VEX Robotics\VEXcode Pro V5\sdk/vexv5/gcc/libs\libstdc++.a(class_type_info.o)
                0x03804c38                __cxxabiv1::__class_type_info::__do_dyncast(int, __cxxabiv1::__class_type_info::__sub_kind, __cxxabiv1::__class_type_info const*, void const*, __cxxabiv1::__class_type_info const*, void const*, __cxxabiv1::__class_type_info::__dyncast_result&) const
 .text._ZN10__cxxabiv120__si_class_type_infoD2Ev
                0x03804c78       0x14 C:\Program Files (x86)\VEX Robotics\VEXcode Pro V5\sdk/vexv5/gcc/libs\libstdc++.a(si_class_type_info.o)
                0x03804c78                __cxxabiv1::__si_class_type_info::~__si_class_type_info()
                0x03804c78                __cxxabiv1::__si_class_type_info::~__si_class_type_info()
 .text._ZN10__cxxabiv120__si_class_type_infoD0Ev
                0x03804c8c       0x1c C:\Program Files (x86)\VEX Robotics\VEXcode Pro V5\sdk/vexv5/gcc/libs\libstdc++.a(si_class_type_info.o)
                0x03804c8c                __cxxabiv1::__si_class_type_info::~__si_class_type_info()
 .text._ZNK10__cxxabiv120__si_class_type_info20__do_find_public_srcEiPKvPKNS_17__class_type_infoES2_
                0x03804ca8       0x3c C:\Program Files (x86)\VEX Robotics\VEXcode Pro V5\sdk/vexv5/gcc/libs\libstdc++.a(si_class_type_info.o)
                0x03804ca8                __cxxabiv1::__si_class_type_info::__do_find_public_src(int, void const*, __cxxabiv1::__class_type_info const*, void const*) const
 .text._ZNK10__cxxabiv120__si_class_type_info12__do_dyncastEiNS_17__class_type_info10__sub_kindEPKS1_PKvS4_S6_RNS1_16__dyncast_resultE
                0x03804ce4       0x8c C:\Program Files (x86)\VEX Robotics\VEXcode Pro V5\sdk/vexv5/gcc/libs\libstdc++.a(si_class_type_info.o)
                0x03804ce4                __cxxabiv1::__si_class_type_info::__do_dyncast(int, __cxxabiv1::__class_type_info::__sub_kind, __cxxabiv1::__class_type_info const*, void const*, __cxxabiv1::__class_type_info const*, void const*, __cxxabiv1::__class_type_info::__dyncast_result&) const
 .text._ZNK10__cxxabiv120__si_class_type_info11__do_upcastEPKNS_17__class_type_infoEPKvRNS1_15__upcast_resultE
                0x03804d70       0x2c C:\Program Files (x86)\VEX Robotics\VEXcode Pro V5\sdk/vexv5/gcc/libs\libstdc++.a(si_class_type_info.o)
                0x03804d70                __cxxabiv1::__si_class_type_info::__do_upcast(__cxxabiv1::__class_type_info const*, void const*, __cxxabiv1::__class_type_info::__upcast_result&) const
 .text._ZNSt9type_infoD2Ev
                0x03804d9c        0x4 C:\Program Files (x86)\VEX Robotics\VEXcode Pro V5\sdk/vexv5/gcc/libs\libstdc++.a(tinfo.o)
                0x03804d9c                std::type_info::~type_info()
                0x03804d9c                std::type_info::~type_info()
 .text._ZNKSt9type_info14__is_pointer_pEv
                0x03804da0        0x4 C:\Program Files (x86)\VEX Robotics\VEXcode Pro V5\sdk/vexv5/gcc/libs\libstdc++.a(tinfo.o)
                0x03804da0                std::type_info::__is_pointer_p() const
 .text._ZNKSt9type_info15__is_function_pEv
                0x03804da4        0x4 C:\Program Files (x86)\VEX Robotics\VEXcode Pro V5\sdk/vexv5/gcc/libs\libstdc++.a(tinfo.o)
                0x03804da4                std::type_info::__is_function_p() const
 .text._ZNKSt9type_infoeqERKS_
                0x03804da8       0x2c C:\Program Files (x86)\VEX Robotics\VEXcode Pro V5\sdk/vexv5/gcc/libs\libstdc++.a(tinfo.o)
                0x03804da8                std::type_info::operator==(std::type_info const&) const
 .text._ZNSt8ios_base17_M_call_callbacksENS_5eventE
                0x03804dd4       0x34 C:\Program Files (x86)\VEX Robotics\VEXcode Pro V5\sdk/vexv5/gcc/libs\libstdc++.a(ios.o)
                0x03804dd4                std::ios_base::_M_call_callbacks(std::ios_base::event)
 .text._ZNSt8ios_base20_M_dispose_callbacksEv
                0x03804e08       0x2c C:\Program Files (x86)\VEX Robotics\VEXcode Pro V5\sdk/vexv5/gcc/libs\libstdc++.a(ios.o)
                0x03804e08                std::ios_base::_M_dispose_callbacks()
 .text._ZNSt8ios_baseD2Ev
                0x03804e34       0x38 C:\Program Files (x86)\VEX Robotics\VEXcode Pro V5\sdk/vexv5/gcc/libs\libstdc++.a(ios.o)
                0x03804e34                std::ios_base::~ios_base()
                0x03804e34                std::ios_base::~ios_base()
 .text._ZNSt8ios_baseD0Ev
                0x03804e6c       0x14 C:\Program Files (x86)\VEX Robotics\VEXcode Pro V5\sdk/vexv5/gcc/libs\libstdc++.a(ios.o)
                0x03804e6c                std::ios_base::~ios_base()
 .text._ZN10__cxxabiv121__vmi_class_type_infoD2Ev
                0x03804e80       0x14 C:\Program Files (x86)\VEX Robotics\VEXcode Pro V5\sdk/vexv5/gcc/libs\libstdc++.a(vmi_class_type_info.o)
                0x03804e80                __cxxabiv1::__vmi_class_type_info::~__vmi_class_type_info()
                0x03804e80                __cxxabiv1::__vmi_class_type_info::~__vmi_class_type_info()
 .text._ZN10__cxxabiv121__vmi_class_type_infoD0Ev
                0x03804e94       0x1c C:\Program Files (x86)\VEX Robotics\VEXcode Pro V5\sdk/vexv5/gcc/libs\libstdc++.a(vmi_class_type_info.o)
                0x03804e94                __cxxabiv1::__vmi_class_type_info::~__vmi_class_type_info()
 .text._ZNK10__cxxabiv121__vmi_class_type_info20__do_find_public_srcEiPKvPKNS_17__class_type_infoES2_
                0x03804eb0       0x8c C:\Program Files (x86)\VEX Robotics\VEXcode Pro V5\sdk/vexv5/gcc/libs\libstdc++.a(vmi_class_type_info.o)
                0x03804eb0                __cxxabiv1::__vmi_class_type_info::__do_find_public_src(int, void const*, __cxxabiv1::__class_type_info const*, void const*) const
 .text._ZNK10__cxxabiv121__vmi_class_type_info12__do_dyncastEiNS_17__class_type_info10__sub_kindEPKS1_PKvS4_S6_RNS1_16__dyncast_resultE
                0x03804f3c      0x380 C:\Program Files (x86)\VEX Robotics\VEXcode Pro V5\sdk/vexv5/gcc/libs\libstdc++.a(vmi_class_type_info.o)
                0x03804f3c                __cxxabiv1::__vmi_class_type_info::__do_dyncast(int, __cxxabiv1::__class_type_info::__sub_kind, __cxxabiv1::__class_type_info const*, void const*, __cxxabiv1::__class_type_info const*, void const*, __cxxabiv1::__class_type_info::__dyncast_result&) const
 .text._ZNK10__cxxabiv121__vmi_class_type_info11__do_upcastEPKNS_17__class_type_infoEPKvRNS1_15__upcast_resultE
                0x038052bc      0x164 C:\Program Files (x86)\VEX Robotics\VEXcode Pro V5\sdk/vexv5/gcc/libs\libstdc++.a(vmi_class_type_info.o)
                0x038052bc                __cxxabiv1::__vmi_class_type_info::__do_upcast(__cxxabiv1::__class_type_info const*, void const*, __cxxabiv1::__class_type_info::__upcast_result&) const
 .text.atoi     0x03805420        0x8 C:\Program Files (x86)\VEX Robotics\VEXcode Pro V5\sdk/vexv5/gcc/libs\libc.a(lib_a-atoi.o)
                0x03805420                atoi
 .text.__libc_fini_array
                0x03805428       0x30 C:\Program Files (x86)\VEX Robotics\VEXcode Pro V5\sdk/vexv5/gcc/libs\libc.a(lib_a-fini.o)
                0x03805428                __libc_fini_array
 .text.__libc_init_array
                0x03805458       0x58 C:\Program Files (x86)\VEX Robotics\VEXcode Pro V5\sdk/vexv5/gcc/libs\libc.a(lib_a-init.o)
                0x03805458                __libc_init_array
 .text.round    0x038054b0       0x94 C:\Program Files (x86)\VEX Robotics\VEXcode Pro V5\sdk/vexv5/gcc/libs\libm.a(lib_a-s_round.o)
                0x038054b0                round
 *fill*         0x03805544        0x4 
 .text.round.__stub
                0x03805548       0x18 linker stubs
 *(.gnu.linkonce.t.*)
 *(.plt)
 *(.gnu_warning)
 *(.gcc_except_table)
 *(.glue_7)
 .glue_7        0x00000000        0x0 linker stubs
 *(.glue_7t)
 .glue_7t       0x00000000        0x0 linker stubs
 *(.vfp11_veneer)
 .vfp11_veneer  0x00000000        0x0 linker stubs
 *(.ARM.extab)
 *(.gnu.linkonce.armextab.*)

.v4_bx          0x03805560        0x0
 .v4_bx         0x00000000        0x0 linker stubs

.iplt           0x03805560        0x0
 .iplt          0x00000000        0x0 build/src/main.o

.init
 *(.init)

.fini
 *(.fini)

.rodata         0x03805560     0x1d20
                0x03805560                __rodata_start = .
 *(.rodata)
 *(.rodata.*)
 .rodata.str1.1
                0x03805560     0x181d build/src/main.o
                               0x1829 (size before relaxing)
 .rodata.str1.1
                0x03806d7d       0x2e C:\Program Files (x86)\VEX Robotics\VEXcode Pro V5\sdk/vexv5\libv5rt.a(v5_startup.c.obj)
 *fill*         0x03806dab        0x1 
 .rodata._ZN3vex6PORT20E
                0x03806dac        0x4 C:\Program Files (x86)\VEX Robotics\VEXcode Pro V5\sdk/vexv5\libv5rt.a(vex_global.cpp.obj)
                0x03806dac                vex::PORT20
 .rodata._ZN3vex5PORT1E
                0x03806db0        0x4 C:\Program Files (x86)\VEX Robotics\VEXcode Pro V5\sdk/vexv5\libv5rt.a(vex_global.cpp.obj)
                0x03806db0                vex::PORT1
 .rodata._ZN3vex7reverseE
                0x03806db4        0x4 C:\Program Files (x86)\VEX Robotics\VEXcode Pro V5\sdk/vexv5\libv5rt.a(vex_global.cpp.obj)
                0x03806db4                vex::reverse
 .rodata._ZN3vex4voltE
                0x03806db8        0x4 C:\Program Files (x86)\VEX Robotics\VEXcode Pro V5\sdk/vexv5\libv5rt.a(vex_global.cpp.obj)
                0x03806db8                vex::volt
 .rodata._ZN3vex6PORT10E
                0x03806dbc        0x4 C:\Program Files (x86)\VEX Robotics\VEXcode Pro V5\sdk/vexv5\libv5rt.a(vex_global.cpp.obj)
                0x03806dbc                vex::PORT10
 .rodata._ZN3vex5PORT5E
                0x03806dc0        0x4 C:\Program Files (x86)\VEX Robotics\VEXcode Pro V5\sdk/vexv5\libv5rt.a(vex_global.cpp.obj)
                0x03806dc0                vex::PORT5
 .rodata._ZN3vex7forwardE
                0x03806dc4        0x4 C:\Program Files (x86)\VEX Robotics\VEXcode Pro V5\sdk/vexv5\libv5rt.a(vex_global.cpp.obj)
                0x03806dc4                vex::forward
 .rodata._ZN3vex4msecE
                0x03806dc8        0x4 C:\Program Files (x86)\VEX Robotics\VEXcode Pro V5\sdk/vexv5\libv5rt.a(vex_global.cpp.obj)
                0x03806dc8                vex::msec
 .rodata._ZN3vex6PORT18E
                0x03806dcc        0x4 C:\Program Files (x86)\VEX Robotics\VEXcode Pro V5\sdk/vexv5\libv5rt.a(vex_global.cpp.obj)
                0x03806dcc                vex::PORT18
 .rodata._ZN3vex9ratio36_1E
                0x03806dd0        0x4 C:\Program Files (x86)\VEX Robotics\VEXcode Pro V5\sdk/vexv5\libv5rt.a(vex_global.cpp.obj)
                0x03806dd0                vex::ratio36_1
 .rodata._ZN3vex5PORT9E
                0x03806dd4        0x4 C:\Program Files (x86)\VEX Robotics\VEXcode Pro V5\sdk/vexv5\libv5rt.a(vex_global.cpp.obj)
                0x03806dd4                vex::PORT9
 .rodata._ZN3vex6PORT11E
                0x03806dd8        0x4 C:\Program Files (x86)\VEX Robotics\VEXcode Pro V5\sdk/vexv5\libv5rt.a(vex_global.cpp.obj)
                0x03806dd8                vex::PORT11
 .rodata._ZN3vex7primaryE
                0x03806ddc        0x4 C:\Program Files (x86)\VEX Robotics\VEXcode Pro V5\sdk/vexv5\libv5rt.a(vex_global.cpp.obj)
                0x03806ddc                vex::primary
 .rodata._ZN3vex7percentE
                0x03806de0        0x4 C:\Program Files (x86)\VEX Robotics\VEXcode Pro V5\sdk/vexv5\libv5rt.a(vex_global.cpp.obj)
                0x03806de0                vex::percent
 .rodata._ZN3vex6PORT19E
                0x03806de4        0x4 C:\Program Files (x86)\VEX Robotics\VEXcode Pro V5\sdk/vexv5\libv5rt.a(vex_global.cpp.obj)
                0x03806de4                vex::PORT19
 .rodata._ZN3vex7degreesE
                0x03806de8        0x4 C:\Program Files (x86)\VEX Robotics\VEXcode Pro V5\sdk/vexv5\libv5rt.a(vex_global.cpp.obj)
                0x03806de8                vex::degrees
 .rodata._ZN3vex6PORT22E
                0x03806dec        0x4 C:\Program Files (x86)\VEX Robotics\VEXcode Pro V5\sdk/vexv5\libv5rt.a(vex_global.cpp.obj)
                0x03806dec                vex::PORT22
 .rodata._ZN3vex7celsiusE
                0x03806df0        0x4 C:\Program Files (x86)\VEX Robotics\VEXcode Pro V5\sdk/vexv5\libv5rt.a(vex_global.cpp.obj)
                0x03806df0                vex::celsius
 .rodata._ZN3vex4holdE
                0x03806df4        0x4 C:\Program Files (x86)\VEX Robotics\VEXcode Pro V5\sdk/vexv5\libv5rt.a(vex_global.cpp.obj)
                0x03806df4                vex::hold
 .rodata._ZN3vex8ratio6_1E
                0x03806df8        0x4 C:\Program Files (x86)\VEX Robotics\VEXcode Pro V5\sdk/vexv5\libv5rt.a(vex_global.cpp.obj)
                0x03806df8                vex::ratio6_1
 .rodata._ZN3vex5brakeE
                0x03806dfc        0x4 C:\Program Files (x86)\VEX Robotics\VEXcode Pro V5\sdk/vexv5\libv5rt.a(vex_global.cpp.obj)
                0x03806dfc                vex::brake
 .rodata._ZN3vex5PORT8E
                0x03806e00        0x4 C:\Program Files (x86)\VEX Robotics\VEXcode Pro V5\sdk/vexv5\libv5rt.a(vex_global.cpp.obj)
                0x03806e00                vex::PORT8
 .rodata._ZN3vex9ratio18_1E
                0x03806e04        0x4 C:\Program Files (x86)\VEX Robotics\VEXcode Pro V5\sdk/vexv5\libv5rt.a(vex_global.cpp.obj)
                0x03806e04                vex::ratio18_1
 .rodata._ZN3vex6PORT17E
                0x03806e08        0x4 C:\Program Files (x86)\VEX Robotics\VEXcode Pro V5\sdk/vexv5\libv5rt.a(vex_global.cpp.obj)
                0x03806e08                vex::PORT17
 *fill*         0x03806e0c        0x4 
 .rodata._ZTVN3vex5motorE
                0x03806e10       0x18 C:\Program Files (x86)\VEX Robotics\VEXcode Pro V5\sdk/vexv5\libv5rt.a(vex_motor.cpp.obj)
                0x03806e10                vtable for vex::motor
 .rodata._ZTVN3vex8inertialE
                0x03806e28       0x68 C:\Program Files (x86)\VEX Robotics\VEXcode Pro V5\sdk/vexv5\libv5rt.a(vex_imu.cpp.obj)
                0x03806e28                vtable for vex::inertial
 .rodata._ZTVN3vex8rotationE
                0x03806e90       0x18 C:\Program Files (x86)\VEX Robotics\VEXcode Pro V5\sdk/vexv5\libv5rt.a(vex_rotation.cpp.obj)
                0x03806e90                vtable for vex::rotation
 .rodata.CSWTCH.16
                0x03806ea8        0xb C:\Program Files (x86)\VEX Robotics\VEXcode Pro V5\sdk/vexv5\libv5rt.a(vex_controller.cpp.obj)
 .rodata.CSWTCH.18
                0x03806eb3        0xb C:\Program Files (x86)\VEX Robotics\VEXcode Pro V5\sdk/vexv5\libv5rt.a(vex_controller.cpp.obj)
 .rodata.CSWTCH.24
                0x03806ebe        0x3 C:\Program Files (x86)\VEX Robotics\VEXcode Pro V5\sdk/vexv5\libv5rt.a(vex_controller.cpp.obj)
 .rodata.str1.1
                0x03806ec1       0x14 C:\Program Files (x86)\VEX Robotics\VEXcode Pro V5\sdk/vexv5\libv5rt.a(vex_task.cpp.obj)
 .rodata.str1.1
                0x03806ed5       0x2d C:\Program Files (x86)\VEX Robotics\VEXcode Pro V5\sdk/vexv5\libv5rt.a(vex_brain.cpp.obj)
 *fill*         0x03806f02        0x6 
 .rodata._ZTVN3vex7triportE
                0x03806f08       0x18 C:\Program Files (x86)\VEX Robotics\VEXcode Pro V5\sdk/vexv5\libv5rt.a(vex_triport.cpp.obj)
                0x03806f08                vtable for vex::triport
 .rodata.CSWTCH.38
                0x03806f20       0x10 C:\Program Files (x86)\VEX Robotics\VEXcode Pro V5\sdk/vexv5\libv5rt.a(vex_triport.cpp.obj)
 .rodata.CSWTCH.33
                0x03806f30        0xe C:\Program Files (x86)\VEX Robotics\VEXcode Pro V5\sdk/vexv5\libv5rt.a(vex_triport.cpp.obj)
 *fill*         0x03806f3e        0x2 
 .rodata._ZTVN3vex6deviceE
                0x03806f40       0x18 C:\Program Files (x86)\VEX Robotics\VEXcode Pro V5\sdk/vexv5\libv5rt.a(vex_device.cpp.obj)
                0x03806f40                vtable for vex::device
 .rodata._ZTCSt18basic_stringstreamIcSt11char_traitsIcESaIcEE8_So
                0x03806f58       0x28 C:\Program Files (x86)\VEX Robotics\VEXcode Pro V5\sdk/vexv5/gcc/libs\libstdc++.a(sstream-inst.o)
                0x03806f58                construction vtable for std::ostream-in-std::basic_stringstream<char, std::char_traits<char>, std::allocator<char> >
 .rodata._ZTCSt18basic_stringstreamIcSt11char_traitsIcESaIcEE0_Si
                0x03806f80       0x28 C:\Program Files (x86)\VEX Robotics\VEXcode Pro V5\sdk/vexv5/gcc/libs\libstdc++.a(sstream-inst.o)
                0x03806f80                construction vtable for std::istream-in-std::basic_stringstream<char, std::char_traits<char>, std::allocator<char> >
 .rodata._ZTCSt18basic_stringstreamIcSt11char_traitsIcESaIcEE0_Sd
                0x03806fa8       0x3c C:\Program Files (x86)\VEX Robotics\VEXcode Pro V5\sdk/vexv5/gcc/libs\libstdc++.a(sstream-inst.o)
                0x03806fa8                construction vtable for std::iostream-in-std::basic_stringstream<char, std::char_traits<char>, std::allocator<char> >
 *fill*         0x03806fe4        0x4 
 .rodata._ZTTSt18basic_stringstreamIcSt11char_traitsIcESaIcEE
                0x03806fe8       0x28 C:\Program Files (x86)\VEX Robotics\VEXcode Pro V5\sdk/vexv5/gcc/libs\libstdc++.a(sstream-inst.o)
                0x03806fe8                VTT for std::basic_stringstream<char, std::char_traits<char>, std::allocator<char> >
 .rodata._ZTVSt18basic_stringstreamIcSt11char_traitsIcESaIcEE
                0x03807010       0x3c C:\Program Files (x86)\VEX Robotics\VEXcode Pro V5\sdk/vexv5/gcc/libs\libstdc++.a(sstream-inst.o)
                0x03807010                vtable for std::basic_stringstream<char, std::char_traits<char>, std::allocator<char> >
 .rodata._ZTISt18basic_stringstreamIcSt11char_traitsIcESaIcEE
                0x0380704c        0xc C:\Program Files (x86)\VEX Robotics\VEXcode Pro V5\sdk/vexv5/gcc/libs\libstdc++.a(sstream-inst.o)
                0x0380704c                typeinfo for std::basic_stringstream<char, std::char_traits<char>, std::allocator<char> >
 .rodata._ZTSSt18basic_stringstreamIcSt11char_traitsIcESaIcEE
                0x03807058       0x31 C:\Program Files (x86)\VEX Robotics\VEXcode Pro V5\sdk/vexv5/gcc/libs\libstdc++.a(sstream-inst.o)
                0x03807058                typeinfo name for std::basic_stringstream<char, std::char_traits<char>, std::allocator<char> >
 *fill*         0x03807089        0x7 
 .rodata._ZTVN10__cxxabiv117__class_type_infoE
                0x03807090       0x2c C:\Program Files (x86)\VEX Robotics\VEXcode Pro V5\sdk/vexv5/gcc/libs\libstdc++.a(class_type_info.o)
                0x03807090                vtable for __cxxabiv1::__class_type_info
 .rodata._ZTIN10__cxxabiv117__class_type_infoE
                0x038070bc        0xc C:\Program Files (x86)\VEX Robotics\VEXcode Pro V5\sdk/vexv5/gcc/libs\libstdc++.a(class_type_info.o)
                0x038070bc                typeinfo for __cxxabiv1::__class_type_info
 .rodata._ZTSN10__cxxabiv117__class_type_infoE
                0x038070c8       0x22 C:\Program Files (x86)\VEX Robotics\VEXcode Pro V5\sdk/vexv5/gcc/libs\libstdc++.a(class_type_info.o)
                0x038070c8                typeinfo name for __cxxabiv1::__class_type_info
 *fill*         0x038070ea        0x6 
 .rodata._ZTVN10__cxxabiv120__si_class_type_infoE
                0x038070f0       0x2c C:\Program Files (x86)\VEX Robotics\VEXcode Pro V5\sdk/vexv5/gcc/libs\libstdc++.a(si_class_type_info.o)
                0x038070f0                vtable for __cxxabiv1::__si_class_type_info
 .rodata._ZTIN10__cxxabiv120__si_class_type_infoE
                0x0380711c        0xc C:\Program Files (x86)\VEX Robotics\VEXcode Pro V5\sdk/vexv5/gcc/libs\libstdc++.a(si_class_type_info.o)
                0x0380711c                typeinfo for __cxxabiv1::__si_class_type_info
 .rodata._ZTSN10__cxxabiv120__si_class_type_infoE
                0x03807128       0x25 C:\Program Files (x86)\VEX Robotics\VEXcode Pro V5\sdk/vexv5/gcc/libs\libstdc++.a(si_class_type_info.o)
                0x03807128                typeinfo name for __cxxabiv1::__si_class_type_info
 *fill*         0x0380714d        0x3 
 .rodata._ZTISt9type_info
                0x03807150        0x8 C:\Program Files (x86)\VEX Robotics\VEXcode Pro V5\sdk/vexv5/gcc/libs\libstdc++.a(tinfo.o)
                0x03807150                typeinfo for std::type_info
 .rodata._ZTSSt9type_info
                0x03807158        0xd C:\Program Files (x86)\VEX Robotics\VEXcode Pro V5\sdk/vexv5/gcc/libs\libstdc++.a(tinfo.o)
                0x03807158                typeinfo name for std::type_info
 *fill*         0x03807165        0x3 
 .rodata._ZTISt9basic_iosIcSt11char_traitsIcEE
                0x03807168        0xc C:\Program Files (x86)\VEX Robotics\VEXcode Pro V5\sdk/vexv5/gcc/libs\libstdc++.a(ios-inst.o)
                0x03807168                typeinfo for std::basic_ios<char, std::char_traits<char> >
 .rodata._ZTSSt9basic_iosIcSt11char_traitsIcEE
                0x03807174       0x22 C:\Program Files (x86)\VEX Robotics\VEXcode Pro V5\sdk/vexv5/gcc/libs\libstdc++.a(ios-inst.o)
                0x03807174                typeinfo name for std::basic_ios<char, std::char_traits<char> >
 *fill*         0x03807196        0x2 
 .rodata._ZTVSt8ios_base
                0x03807198       0x10 C:\Program Files (x86)\VEX Robotics\VEXcode Pro V5\sdk/vexv5/gcc/libs\libstdc++.a(ios.o)
                0x03807198                vtable for std::ios_base
 .rodata._ZTISt8ios_base
                0x038071a8        0x8 C:\Program Files (x86)\VEX Robotics\VEXcode Pro V5\sdk/vexv5/gcc/libs\libstdc++.a(ios.o)
                0x038071a8                typeinfo for std::ios_base
 .rodata._ZTSSt8ios_base
                0x038071b0        0xc C:\Program Files (x86)\VEX Robotics\VEXcode Pro V5\sdk/vexv5/gcc/libs\libstdc++.a(ios.o)
                0x038071b0                typeinfo name for std::ios_base
 .rodata._ZTISd
                0x038071bc       0x20 C:\Program Files (x86)\VEX Robotics\VEXcode Pro V5\sdk/vexv5/gcc/libs\libstdc++.a(iostream-inst.o)
                0x038071bc                typeinfo for std::iostream
 .rodata._ZTSSd
                0x038071dc        0x3 C:\Program Files (x86)\VEX Robotics\VEXcode Pro V5\sdk/vexv5/gcc/libs\libstdc++.a(iostream-inst.o)
                0x038071dc                typeinfo name for std::iostream
 *fill*         0x038071df        0x1 
 .rodata._ZTISi
                0x038071e0       0x18 C:\Program Files (x86)\VEX Robotics\VEXcode Pro V5\sdk/vexv5/gcc/libs\libstdc++.a(istream-inst.o)
                0x038071e0                typeinfo for std::istream
 .rodata._ZTSSi
                0x038071f8        0x3 C:\Program Files (x86)\VEX Robotics\VEXcode Pro V5\sdk/vexv5/gcc/libs\libstdc++.a(istream-inst.o)
                0x038071f8                typeinfo name for std::istream
 *fill*         0x038071fb        0x1 
 .rodata._ZTISo
                0x038071fc       0x18 C:\Program Files (x86)\VEX Robotics\VEXcode Pro V5\sdk/vexv5/gcc/libs\libstdc++.a(ostream-inst.o)
                0x038071fc                typeinfo for std::ostream
 .rodata._ZTSSo
                0x03807214        0x3 C:\Program Files (x86)\VEX Robotics\VEXcode Pro V5\sdk/vexv5/gcc/libs\libstdc++.a(ostream-inst.o)
                0x03807214                typeinfo name for std::ostream
 *fill*         0x03807217        0x1 
 .rodata._ZTIN10__cxxabiv121__vmi_class_type_infoE
                0x03807218        0xc C:\Program Files (x86)\VEX Robotics\VEXcode Pro V5\sdk/vexv5/gcc/libs\libstdc++.a(vmi_class_type_info.o)
                0x03807218                typeinfo for __cxxabiv1::__vmi_class_type_info
 .rodata._ZTSN10__cxxabiv121__vmi_class_type_infoE
                0x03807224       0x26 C:\Program Files (x86)\VEX Robotics\VEXcode Pro V5\sdk/vexv5/gcc/libs\libstdc++.a(vmi_class_type_info.o)
                0x03807224                typeinfo name for __cxxabiv1::__vmi_class_type_info
 *fill*         0x0380724a        0x6 
 .rodata._ZTVN10__cxxabiv121__vmi_class_type_infoE
                0x03807250       0x2c C:\Program Files (x86)\VEX Robotics\VEXcode Pro V5\sdk/vexv5/gcc/libs\libstdc++.a(vmi_class_type_info.o)
                0x03807250                vtable for __cxxabiv1::__vmi_class_type_info
 .rodata.str1.4
                0x0380727c        0x4 C:\Program Files (x86)\VEX Robotics\VEXcode Pro V5\sdk/vexv5/gcc/libs\libc.a(lib_a-impure.o)
                                  0x2 (size before relaxing)
 *(.gnu.linkonce.r.*)
                0x03807280                __rodata_end = .

.ARM.extab.text._ZNSt8ios_base17_M_call_callbacksENS_5eventE
                0x03807280       0x28
 .ARM.extab.text._ZNSt8ios_base17_M_call_callbacksENS_5eventE
                0x03807280       0x28 C:\Program Files (x86)\VEX Robotics\VEXcode Pro V5\sdk/vexv5/gcc/libs\libstdc++.a(ios.o)

.rodata1        0x038072a8        0x0
                0x038072a8                __rodata1_start = .
 *(.rodata1)
 *(.rodata1.*)
                0x038072a8                __rodata1_end = .

.sdata2         0x038072a8        0x0
                0x038072a8                __sdata2_start = .
 *(.sdata2)
 *(.sdata2.*)
 *(.gnu.linkonce.s2.*)
                0x038072a8                __sdata2_end = .

.sbss2          0x038072a8        0x0
                0x038072a8                __sbss2_start = .
 *(.sbss2)
 *(.sbss2.*)
 *(.gnu.linkonce.sb2.*)
                0x038072a8                __sbss2_end = .

.data           0x038072a8      0x43c
                0x038072a8                __data_start = .
 *(.data)
 *(.data.*)
 .data.appRunning
                0x038072a8        0x4 C:\Program Files (x86)\VEX Robotics\VEXcode Pro V5\sdk/vexv5\libv5rt.a(v5_startup.c.obj)
                0x038072a8                appRunning
 .data.__yoff   0x038072ac        0x4 C:\Program Files (x86)\VEX Robotics\VEXcode Pro V5\sdk/vexv5\libv5rt.a(v5_apijump.c.obj)
 .data._ZN3vex24__default_motor_velocityE
                0x038072b0        0x4 C:\Program Files (x86)\VEX Robotics\VEXcode Pro V5\sdk/vexv5\libv5rt.a(vex_motor.cpp.obj)
                0x038072b0                vex::__default_motor_velocity
 *fill*         0x038072b4        0x4 
 .data.impure_data
                0x038072b8      0x428 C:\Program Files (x86)\VEX Robotics\VEXcode Pro V5\sdk/vexv5/gcc/libs\libc.a(lib_a-impure.o)
 .data._impure_ptr
                0x038076e0        0x4 C:\Program Files (x86)\VEX Robotics\VEXcode Pro V5\sdk/vexv5/gcc/libs\libc.a(lib_a-impure.o)
                0x038076e0                _impure_ptr
 *(.gnu.linkonce.d.*)
 *(.jcr)
 *(.got)
 *(.got.plt)
                0x038076e4                __data_end = .

.igot.plt       0x038076e4        0x0
 .igot.plt      0x00000000        0x0 build/src/main.o

.data1          0x038076e4        0x0
                0x038076e4                __data1_start = .
 *(.data1)
 *(.data1.*)
                0x038076e4                __data1_end = .

.got
 *(.got)

.ctors          0x038076e4        0x0
                0x038076e4                __CTOR_LIST__ = .
                0x038076e4                ___CTORS_LIST___ = .
 *crtbegin.o(.ctors)
 *(EXCLUDE_FILE(*crtend.o) .ctors)
 *(SORT(.ctors.*))
 *(.ctors)
                0x038076e4                __CTOR_END__ = .
                0x038076e4                ___CTORS_END___ = .

.dtors          0x038076e4        0x0
                0x038076e4                __DTOR_LIST__ = .
                0x038076e4                ___DTORS_LIST___ = .
 *crtbegin.o(.dtors)
 *(EXCLUDE_FILE(*crtend.o) .dtors)
 *(SORT(.dtors.*))
 *(.dtors)
                0x038076e4                __DTOR_END__ = .
                0x038076e4                ___DTORS_END___ = .

.fixup          0x038076e4        0x0
                0x038076e4                __fixup_start = .
 *(.fixup)
                0x038076e4                __fixup_end = .

.eh_frame
 *(.eh_frame)

.eh_framehdr    0x038076e4        0x0
                0x038076e4                __eh_framehdr_start = .
 *(.eh_framehdr)
                0x038076e4                __eh_framehdr_end = .

.gcc_except_table
 *(.gcc_except_table)

.mmu_tbl        0x03808000        0x0
                0x03808000                __mmu_tbl_start = .
 *(.mmu_tbl)
                0x03808000                __mmu_tbl_end = .

.ARM.exidx      0x038076e4       0x98
                0x038076e4                __exidx_start = .
 *(.ARM.exidx*)
 .ARM.exidx.text._Z17CalibrateInertialv
                0x038076e4        0x8 build/src/main.o
 .ARM.exidx.text._Z9MotorTempN3vex5motorESs
                0x038076ec        0x0 build/src/main.o
                                  0x8 (size before relaxing)
 .ARM.exidx.text._Z8ToStringIdESsT_
                0x038076ec        0x0 build/src/main.o
                                  0x8 (size before relaxing)
 .ARM.exidx.text._Z11MonitorTempv
                0x038076ec        0x0 build/src/main.o
                                  0x8 (size before relaxing)
 .ARM.exidx.text._Z7chassisii
                0x038076ec        0x0 build/src/main.o
                                  0x8 (size before relaxing)
 .ARM.exidx.text._Z4haltv
                0x038076ec        0x0 build/src/main.o
                                  0x8 (size before relaxing)
 .ARM.exidx.text._Z9pre_autonv
                0x038076ec        0x0 build/src/main.o
                                  0x8 (size before relaxing)
 .ARM.exidx.text._Z19correct_orientationiSs
                0x038076ec        0x0 build/src/main.o
                                  0x8 (size before relaxing)
 .ARM.exidx.text._Z10autonomousv
                0x038076ec        0x0 build/src/main.o
                                  0x8 (size before relaxing)
 .ARM.exidx.text._Z8catafirev
                0x038076ec        0x0 build/src/main.o
                                  0x8 (size before relaxing)
 .ARM.exidx.text._Z11usercontrolv
                0x038076ec        0x0 build/src/main.o
                                  0x8 (size before relaxing)
 .ARM.exidx.text._Z8ToStringIiESsT_
                0x038076ec        0x0 build/src/main.o
                                  0x8 (size before relaxing)
 .ARM.exidx.text.main
                0x038076ec        0x0 build/src/main.o
                                  0x8 (size before relaxing)
 .ARM.exidx.text._GLOBAL__sub_I_main.cpp
                0x038076ec        0x0 build/src/main.o
                                  0x8 (size before relaxing)
 .ARM.exidx.text._Z11vexcodeInitv
                0x038076ec        0x0 build/src/robot-config.o
                                  0x8 (size before relaxing)
 .ARM.exidx.text._GLOBAL__sub_I_robot_config.cpp
                0x038076ec        0x0 build/src/robot-config.o
                                  0x8 (size before relaxing)
 .ARM.exidx.text._ZNK10__cxxabiv117__class_type_info11__do_upcastEPKS0_PPv
                0x038076ec        0x8 C:\Program Files (x86)\VEX Robotics\VEXcode Pro V5\sdk/vexv5/gcc/libs\libstdc++.a(class_type_info.o)
 .ARM.exidx.text._ZNK10__cxxabiv117__class_type_info20__do_find_public_srcEiPKvPKS0_S2_
                0x038076f4        0x8 C:\Program Files (x86)\VEX Robotics\VEXcode Pro V5\sdk/vexv5/gcc/libs\libstdc++.a(class_type_info.o)
 .ARM.exidx.text._ZN10__cxxabiv117__class_type_infoD2Ev
                0x038076fc        0x8 C:\Program Files (x86)\VEX Robotics\VEXcode Pro V5\sdk/vexv5/gcc/libs\libstdc++.a(class_type_info.o)
 .ARM.exidx.text._ZN10__cxxabiv117__class_type_infoD0Ev
                0x03807704        0x0 C:\Program Files (x86)\VEX Robotics\VEXcode Pro V5\sdk/vexv5/gcc/libs\libstdc++.a(class_type_info.o)
                                  0x8 (size before relaxing)
 .ARM.exidx.text._ZNK10__cxxabiv117__class_type_info11__do_upcastEPKS0_PKvRNS0_15__upcast_resultE
                0x03807704        0x8 C:\Program Files (x86)\VEX Robotics\VEXcode Pro V5\sdk/vexv5/gcc/libs\libstdc++.a(class_type_info.o)
 .ARM.exidx.text._ZNK10__cxxabiv117__class_type_info10__do_catchEPKSt9type_infoPPvj
                0x0380770c        0x8 C:\Program Files (x86)\VEX Robotics\VEXcode Pro V5\sdk/vexv5/gcc/libs\libstdc++.a(class_type_info.o)
 .ARM.exidx.text._ZNK10__cxxabiv117__class_type_info12__do_dyncastEiNS0_10__sub_kindEPKS0_PKvS3_S5_RNS0_16__dyncast_resultE
                0x03807714        0x8 C:\Program Files (x86)\VEX Robotics\VEXcode Pro V5\sdk/vexv5/gcc/libs\libstdc++.a(class_type_info.o)
 .ARM.exidx.text._ZN10__cxxabiv120__si_class_type_infoD2Ev
                0x0380771c        0x8 C:\Program Files (x86)\VEX Robotics\VEXcode Pro V5\sdk/vexv5/gcc/libs\libstdc++.a(si_class_type_info.o)
 .ARM.exidx.text._ZN10__cxxabiv120__si_class_type_infoD0Ev
                0x03807724        0x0 C:\Program Files (x86)\VEX Robotics\VEXcode Pro V5\sdk/vexv5/gcc/libs\libstdc++.a(si_class_type_info.o)
                                  0x8 (size before relaxing)
 .ARM.exidx.text._ZNK10__cxxabiv120__si_class_type_info20__do_find_public_srcEiPKvPKNS_17__class_type_infoES2_
                0x03807724        0x8 C:\Program Files (x86)\VEX Robotics\VEXcode Pro V5\sdk/vexv5/gcc/libs\libstdc++.a(si_class_type_info.o)
 .ARM.exidx.text._ZNK10__cxxabiv120__si_class_type_info12__do_dyncastEiNS_17__class_type_info10__sub_kindEPKS1_PKvS4_S6_RNS1_16__dyncast_resultE
                0x0380772c        0x8 C:\Program Files (x86)\VEX Robotics\VEXcode Pro V5\sdk/vexv5/gcc/libs\libstdc++.a(si_class_type_info.o)
 .ARM.exidx.text._ZNK10__cxxabiv120__si_class_type_info11__do_upcastEPKNS_17__class_type_infoEPKvRNS1_15__upcast_resultE
                0x03807734        0x8 C:\Program Files (x86)\VEX Robotics\VEXcode Pro V5\sdk/vexv5/gcc/libs\libstdc++.a(si_class_type_info.o)
 .ARM.exidx.text._ZNSt9type_infoD2Ev
                0x0380773c        0x8 C:\Program Files (x86)\VEX Robotics\VEXcode Pro V5\sdk/vexv5/gcc/libs\libstdc++.a(tinfo.o)
 .ARM.exidx.text._ZNKSt9type_info14__is_pointer_pEv
                0x03807744        0x0 C:\Program Files (x86)\VEX Robotics\VEXcode Pro V5\sdk/vexv5/gcc/libs\libstdc++.a(tinfo.o)
                                  0x8 (size before relaxing)
 .ARM.exidx.text._ZNKSt9type_info15__is_function_pEv
                0x03807744        0x0 C:\Program Files (x86)\VEX Robotics\VEXcode Pro V5\sdk/vexv5/gcc/libs\libstdc++.a(tinfo.o)
                                  0x8 (size before relaxing)
 .ARM.exidx.text._ZNKSt9type_infoeqERKS_
                0x03807744        0x0 C:\Program Files (x86)\VEX Robotics\VEXcode Pro V5\sdk/vexv5/gcc/libs\libstdc++.a(tinfo.o)
                                  0x8 (size before relaxing)
 .ARM.exidx.text._ZNSt8ios_base17_M_call_callbacksENS_5eventE
                0x03807744        0x8 C:\Program Files (x86)\VEX Robotics\VEXcode Pro V5\sdk/vexv5/gcc/libs\libstdc++.a(ios.o)
 .ARM.exidx.text._ZNSt8ios_base20_M_dispose_callbacksEv
                0x0380774c        0x8 C:\Program Files (x86)\VEX Robotics\VEXcode Pro V5\sdk/vexv5/gcc/libs\libstdc++.a(ios.o)
 .ARM.exidx.text._ZNSt8ios_baseD2Ev
                0x03807754        0x0 C:\Program Files (x86)\VEX Robotics\VEXcode Pro V5\sdk/vexv5/gcc/libs\libstdc++.a(ios.o)
                                  0x8 (size before relaxing)
 .ARM.exidx.text._ZNSt8ios_baseD0Ev
                0x03807754        0x0 C:\Program Files (x86)\VEX Robotics\VEXcode Pro V5\sdk/vexv5/gcc/libs\libstdc++.a(ios.o)
                                  0x8 (size before relaxing)
 .ARM.exidx.text._ZN10__cxxabiv121__vmi_class_type_infoD2Ev
                0x03807754        0x8 C:\Program Files (x86)\VEX Robotics\VEXcode Pro V5\sdk/vexv5/gcc/libs\libstdc++.a(vmi_class_type_info.o)
 .ARM.exidx.text._ZN10__cxxabiv121__vmi_class_type_infoD0Ev
                0x0380775c        0x0 C:\Program Files (x86)\VEX Robotics\VEXcode Pro V5\sdk/vexv5/gcc/libs\libstdc++.a(vmi_class_type_info.o)
                                  0x8 (size before relaxing)
 .ARM.exidx.text._ZNK10__cxxabiv121__vmi_class_type_info20__do_find_public_srcEiPKvPKNS_17__class_type_infoES2_
                0x0380775c        0x8 C:\Program Files (x86)\VEX Robotics\VEXcode Pro V5\sdk/vexv5/gcc/libs\libstdc++.a(vmi_class_type_info.o)
 .ARM.exidx.text._ZNK10__cxxabiv121__vmi_class_type_info12__do_dyncastEiNS_17__class_type_info10__sub_kindEPKS1_PKvS4_S6_RNS1_16__dyncast_resultE
                0x03807764        0x8 C:\Program Files (x86)\VEX Robotics\VEXcode Pro V5\sdk/vexv5/gcc/libs\libstdc++.a(vmi_class_type_info.o)
 .ARM.exidx.text._ZNK10__cxxabiv121__vmi_class_type_info11__do_upcastEPKNS_17__class_type_infoEPKvRNS1_15__upcast_resultE
                0x0380776c       0x10 C:\Program Files (x86)\VEX Robotics\VEXcode Pro V5\sdk/vexv5/gcc/libs\libstdc++.a(vmi_class_type_info.o)
                                  0x8 (size before relaxing)
 *(.gnu.linkonce.armexidix.*.*)
                0x0380777c                __exidx_end = .

.rel.dyn        0x0380777c        0x0
 .rel.iplt      0x00000000        0x0 build/src/main.o

.preinit_array  0x0380777c        0x0
                0x0380777c                __preinit_array_start = .
 *(SORT(.preinit_array.*))
 *(.preinit_array)
                0x0380777c                __preinit_array_end = .

.init_array     0x0380777c        0xc
                0x0380777c                __init_array_start = .
 *(SORT(.init_array.*))
 *(.init_array)
 .init_array    0x0380777c        0x4 build/src/main.o
 .init_array    0x03807780        0x4 build/src/robot-config.o
 .init_array    0x03807784        0x4 C:\Program Files (x86)\VEX Robotics\VEXcode Pro V5\sdk/vexv5\libv5rt.a(vex_color.cpp.obj)
                0x03807788                __init_array_end = .

.fini_array     0x03807788        0x0
                0x03807788                __fini_array_start = .
 *(SORT(.fini_array.*))
 *(.fini_array)
                0x03807788                __fini_array_end = .

.ARM.attributes
                0x03807788       0x3c
                0x03807788                __ARM.attributes_start = .
 *(.ARM.attributes)
 .ARM.attributes
                0x03807788       0x3a build/src/main.o
 .ARM.attributes
                0x038077c2       0x3a build/src/robot-config.o
 .ARM.attributes
                0x038077fc       0x35 C:\Program Files (x86)\VEX Robotics\VEXcode Pro V5\sdk/vexv5\libv5rt.a(v5_startup.c.obj)
 .ARM.attributes
                0x03807831       0x35 C:\Program Files (x86)\VEX Robotics\VEXcode Pro V5\sdk/vexv5\libv5rt.a(v5_util.c.obj)
 .ARM.attributes
                0x03807866       0x35 C:\Program Files (x86)\VEX Robotics\VEXcode Pro V5\sdk/vexv5\libv5rt.a(v5_apijump.c.obj)
 .ARM.attributes
                0x0380789b       0x35 C:\Program Files (x86)\VEX Robotics\VEXcode Pro V5\sdk/vexv5\libv5rt.a(v5_apiversions.c.obj)
 .ARM.attributes
                0x038078d0       0x35 C:\Program Files (x86)\VEX Robotics\VEXcode Pro V5\sdk/vexv5\libv5rt.a(vex_global.cpp.obj)
 .ARM.attributes
                0x03807905       0x35 C:\Program Files (x86)\VEX Robotics\VEXcode Pro V5\sdk/vexv5\libv5rt.a(vex_motor.cpp.obj)
 .ARM.attributes
                0x0380793a       0x35 C:\Program Files (x86)\VEX Robotics\VEXcode Pro V5\sdk/vexv5\libv5rt.a(vex_imu.cpp.obj)
 .ARM.attributes
                0x0380796f       0x35 C:\Program Files (x86)\VEX Robotics\VEXcode Pro V5\sdk/vexv5\libv5rt.a(vex_rotation.cpp.obj)
 .ARM.attributes
                0x038079a4       0x35 C:\Program Files (x86)\VEX Robotics\VEXcode Pro V5\sdk/vexv5\libv5rt.a(vex_controller.cpp.obj)
 .ARM.attributes
                0x038079d9       0x35 C:\Program Files (x86)\VEX Robotics\VEXcode Pro V5\sdk/vexv5\libv5rt.a(vex_task.cpp.obj)
 .ARM.attributes
                0x03807a0e       0x35 C:\Program Files (x86)\VEX Robotics\VEXcode Pro V5\sdk/vexv5\libv5rt.a(vex_thread.cpp.obj)